******************************************************************************
             TMS320C2000 Linker PC v22.6.0                     
******************************************************************************
>> Linked Thu May 16 15:46:35 2024

OUTPUT FILE NAME:   <Test_adc_Io_EPWM_GPIO.out>
ENTRY POINT SYMBOL: "code_start"  address: 00000000


MEMORY CONFIGURATION

         name            origin    length      used     unused   attr    fill
----------------------  --------  ---------  --------  --------  ----  --------
PAGE 0:
  BEGIN                 00000000   00000002  00000002  00000000  RWIX
  BOOT_RSVD             00000002   00000126  00000000  00000126  RWIX
  RAMM0                 00000128   000002d8  00000028  000002b0  RWIX
  RAMM1                 00000400   000003f8  00000200  000001f8  RWIX
  RAMLS0                00008000   00002000  00001ffe  00000002  RWIX
  RAMLS1                0000a000   00001ff8  000003e2  00001c16  RWIX
  FLASH_BANK0_SEC_0_7   00080002   00001ffe  00000000  00001ffe  RWIX
  FLASH_BANK0_SEC_8_15  00082000   00002000  00000000  00002000  RWIX
  FLASH_BANK0_SEC_16_23 00084000   00002000  00000000  00002000  RWIX
  FLASH_BANK0_SEC_24_31 00086000   00002000  00000000  00002000  RWIX
  FLASH_BANK0_SEC_32_39 00088000   00002000  00000000  00002000  RWIX
  FLASH_BANK0_SEC_40_47 0008a000   00002000  00000000  00002000  RWIX
  FLASH_BANK0_SEC_48_55 0008c000   00002000  00000000  00002000  RWIX
  FLASH_BANK0_SEC_56_63 0008e000   00002000  00000000  00002000  RWIX
  FLASH_BANK0_SEC_64_71 00090000   00002000  00000000  00002000  RWIX
  FLASH_BANK0_SEC_72_79 00092000   00002000  00000000  00002000  RWIX
  FLASH_BANK0_SEC_80_87 00094000   00002000  00000000  00002000  RWIX
  FLASH_BANK0_SEC_88_95 00096000   00002000  00000000  00002000  RWIX
  FLASH_BANK0_SEC_96_10 00098000   00002000  00000000  00002000  RWIX
  FLASH_BANK0_SEC_104_1 0009a000   00002000  00000000  00002000  RWIX
  FLASH_BANK0_SEC_112_1 0009c000   00002000  00000000  00002000  RWIX
  FLASH_BANK0_SEC_120_1 0009e000   00001ff0  00000000  00001ff0  RWIX
  RESET                 003fffc0   00000002  00000000  00000002  RWIX

PAGE 1:
  ADCARESULT            00000b00   00000018  00000018  00000000  RWIX
  ADCCRESULT            00000b40   00000018  00000000  00000018  RWIX
  CPUTIMER0             00000c00   00000008  00000000  00000008  RWIX
  CPUTIMER1             00000c08   00000008  00000000  00000008  RWIX
  CPUTIMER2             00000c10   00000008  00000000  00000008  RWIX
  PIECTRL               00000ce0   0000001a  0000001a  00000000  RWIX
  PIEVECTTABLE          00000d00   00000200  00000100  00000100  RWIX
  EPWM1                 00004000   00000100  00000100  00000000  RWIX
  EPWM2                 00004100   00000100  00000100  00000000  RWIX
  EPWM3                 00004200   00000100  00000000  00000100  RWIX
  EPWM4                 00004300   00000100  00000100  00000000  RWIX
  EPWM5                 00004400   00000100  00000000  00000100  RWIX
  EPWM6                 00004500   00000100  00000000  00000100  RWIX
  EPWM7                 00004600   00000100  00000000  00000100  RWIX
  EQEP1                 00005100   00000040  00000000  00000040  RWIX
  EQEP2                 00005140   00000040  00000000  00000040  RWIX
  ECAP1                 00005200   00000020  00000000  00000020  RWIX
  ECAP2                 00005240   00000020  00000000  00000020  RWIX
  ECAP3                 00005280   00000020  00000000  00000020  RWIX
  CMPSS1                00005500   00000040  00000000  00000040  RWIX
  CMPSSLITE2            00005540   00000040  00000000  00000040  RWIX
  CMPSSLITE3            00005580   00000040  00000000  00000040  RWIX
  CMPSSLITE4            000055c0   00000040  00000000  00000040  RWIX
  SPIA                  00006100   00000010  00000000  00000010  RWIX
  WD                    00007000   0000002c  0000002b  00000001  RWIX
  NMIINTRUPT            00007060   00000010  00000000  00000010  RWIX
  XINT                  00007070   0000000c  00000000  0000000c  RWIX
  SCIA                  00007200   00000010  00000000  00000010  RWIX
  SCIB                  00007210   00000010  00000000  00000010  RWIX
  SCIC                  00007220   00000010  00000000  00000010  RWIX
  I2CA                  00007300   00000022  00000000  00000022  RWIX
  I2CB                  00007340   00000022  00000000  00000022  RWIX
  ADCA                  00007400   00000080  00000076  0000000a  RWIX
  ADCC                  00007500   00000080  00000076  0000000a  RWIX
  INPUTXBAR             00007900   00000020  00000000  00000020  RWIX
  XBAR                  00007920   00000020  00000000  00000020  RWIX
  SYNCSOC               00007940   00000006  00000000  00000006  RWIX
  EPWMXBAR              00007a00   00000040  00000000  00000040  RWIX
  OUTPUTXBAR            00007a80   00000040  00000000  00000040  RWIX
  GPIOCTRL              00007c00   00000200  00000200  00000000  RWIX
  GPIODATA              00007f00   00000040  00000040  00000000  RWIX
  GPIODATAREAD          00007f80   00000010  00000000  00000010  RWIX
  CANA                  00048000   00000200  00000000  00000200  RWIX
  DEVCFG                0005d000   000001ac  00000000  000001ac  RWIX
  CLKCFG                0005d200   00000100  0000003e  000000c2  RWIX
  CPUSYS                0005d300   00000100  000000b0  00000050  RWIX
  SYSSTATUS             0005d400   00000040  00000000  00000040  RWIX
  ANALOGSUBSYS          0005d700   0000012a  0000011a  00000010  RWIX
  DCC0                  0005e700   00000038  0000002c  0000000c  RWIX
  EPG1                  0005ec00   00000050  00000000  00000050  RWIX
  EPG1MUX               0005ecd0   00000010  00000000  00000010  RWIX
  DCSMZ1                0005f000   0000003e  00000000  0000003e  RWIX
  DCSMZ2                0005f080   0000003e  00000000  0000003e  RWIX
  DCSMCOMMON            0005f0c0   00000040  00000000  00000040  RWIX
  MEMCFG                0005f400   000000c0  00000000  000000c0  RWIX
  ACCESSPROTECTION      0005f500   0000003e  00000000  0000003e  RWIX
  MEMORYERROR           0005f540   00000040  00000000  00000040  RWIX
  TESTERROR             0005f590   00000010  00000000  00000010  RWIX
  FLASH0CTRL            0005f800   00000182  00000000  00000182  RWIX
  FLASH0ECC             0005fb00   00000028  00000000  00000028  RWIX
  DCSMZ1OTP             00078000   00000020  00000000  00000020  RWIX
  DCSMZ2OTP             00078200   00000020  00000000  00000020  RWIX


SECTION ALLOCATION MAP

 output                                  attributes/
section   page    origin      length       input sections
--------  ----  ----------  ----------   ----------------
codestart 
*          0    00000000    00000002     
                  00000000    00000002     f280013x_codestartbranch.obj (codestart)

.TI.ramfunc 
*          0    00000128    00000004     
                  00000128    00000004     f280013x_usdelay.obj (.TI.ramfunc)

.cinit     0    0000012c    00000024     
                  0000012c    00000008     (.cinit..data.load) [load image, compression = lzss]
                  00000134    00000006     (__TI_handler_table)
                  0000013a    00000004     (.cinit..bss.load) [load image, compression = zero_init]
                  0000013e    00000004     (.cinit.PieVectTableFile.load) [load image, compression = zero_init]
                  00000142    00000002     --HOLE-- [fill = 0]
                  00000144    0000000c     (__TI_cinit_table)

.reset     0    003fffc0    00000000     DSECT

.stack     0    00000400    00000200     UNINITIALIZED
                  00000400    00000200     --HOLE--

.bss       0    00008100    00001773     UNINITIALIZED
                  00008100    000007d0     ADC_IO_Test_trigger_via_EPWM_GPIO.obj (.bss:array_IN_ADC_500VAC)
                  000088d0    000007d0     ADC_IO_Test_trigger_via_EPWM_GPIO.obj (.bss:array_IN_CP_ADC)
                  000090a0    000007d0     ADC_IO_Test_trigger_via_EPWM_GPIO.obj (.bss:array_IN_CP_BORNE)
                  00009870    00000003     ADC_IO_Test_trigger_via_EPWM_GPIO.obj (.bss)

.init_array 
*          0    00000128    00000000     UNINITIALIZED

.const     0    00008000    00000100     
                  00008000    00000100     f280013x_pievect.obj (.const)

.data      0    00009874    0000000e     UNINITIALIZED
                  00009874    00000006     rts2800_fpu32_eabi.lib : exit.c.obj (.data)
                  0000987a    00000003     ADC_IO_Test_trigger_via_EPWM_GPIO.obj (.data)
                  0000987d    00000001     --HOLE--
                  0000987e    00000002     rts2800_fpu32_eabi.lib : _lock.c.obj (.data:_lock)
                  00009880    00000002                            : _lock.c.obj (.data:_unlock)

AdcaResultRegsFile 
*          1    00000b00    00000018     UNINITIALIZED
                  00000b00    00000018     f280013x_globalvariabledefs.obj (AdcaResultRegsFile)

PieVectTableFile 
*          1    00000d00    00000100     UNINITIALIZED
                  00000d00    00000100     f280013x_globalvariabledefs.obj (PieVectTableFile)

EmuKeyVar 
*          1    00000d00    00000000     UNINITIALIZED

EmuBModeVar 
*          1    00000d00    00000000     UNINITIALIZED

EmuBootPinsVar 
*          1    00000d00    00000000     UNINITIALIZED

FlashCallbackVar 
*          1    00000d00    00000000     UNINITIALIZED

FlashScalingVar 
*          1    00000d00    00000000     UNINITIALIZED

AdcaRegsFile 
*          1    00007400    00000076     UNINITIALIZED
                  00007400    00000076     f280013x_globalvariabledefs.obj (AdcaRegsFile)

AdccRegsFile 
*          1    00007500    00000076     UNINITIALIZED
                  00007500    00000076     f280013x_globalvariabledefs.obj (AdccRegsFile)

AnalogSubsysRegsFile 
*          1    0005d700    0000011a     UNINITIALIZED
                  0005d700    0000011a     f280013x_globalvariabledefs.obj (AnalogSubsysRegsFile)

ClkCfgRegsFile 
*          1    0005d200    0000003e     UNINITIALIZED
                  0005d200    0000003e     f280013x_globalvariabledefs.obj (ClkCfgRegsFile)

CpuSysRegsFile 
*          1    0005d300    000000b0     UNINITIALIZED
                  0005d300    000000b0     f280013x_globalvariabledefs.obj (CpuSysRegsFile)

Dcc0RegsFile 
*          1    0005e700    0000002c     UNINITIALIZED
                  0005e700    0000002c     f280013x_globalvariabledefs.obj (Dcc0RegsFile)

EPwm1RegsFile 
*          1    00004000    00000100     UNINITIALIZED
                  00004000    00000100     f280013x_globalvariabledefs.obj (EPwm1RegsFile)

EPwm2RegsFile 
*          1    00004100    00000100     UNINITIALIZED
                  00004100    00000100     f280013x_globalvariabledefs.obj (EPwm2RegsFile)

EPwm4RegsFile 
*          1    00004300    00000100     UNINITIALIZED
                  00004300    00000100     f280013x_globalvariabledefs.obj (EPwm4RegsFile)

GpioCtrlRegsFile 
*          1    00007c00    00000200     UNINITIALIZED
                  00007c00    00000200     f280013x_globalvariabledefs.obj (GpioCtrlRegsFile)

GpioDataRegsFile 
*          1    00007f00    00000040     UNINITIALIZED
                  00007f00    00000040     f280013x_globalvariabledefs.obj (GpioDataRegsFile)

PieCtrlRegsFile 
*          1    00000ce0    0000001a     UNINITIALIZED
                  00000ce0    0000001a     f280013x_globalvariabledefs.obj (PieCtrlRegsFile)

WdRegsFile 
*          1    00007000    0000002b     UNINITIALIZED
                  00007000    0000002b     f280013x_globalvariabledefs.obj (WdRegsFile)

.text.1    0    00009873    00000001     
                  00009873    00000001     rts2800_fpu32_eabi.lib : startup.c.obj (.text)

.text.2    0    00009882    0000077c     
                  00009882    000000e6     f280013x_sysctrl.obj (.text:InitSysPll)
                  00009968    00000095     f280013x_sysctrl.obj (.text:IsPLLValid)
                  000099fd    00000092     f280013x_gpio.obj (.text:GPIO_SetupPinOptions)
                  00009a8f    00000089     f280013x_gpio.obj (.text:GPIO_SetupPinMux)
                  00009b18    00000088     rts2800_fpu32_eabi.lib : fs_div28.asm.obj (.text)
                  00009ba0    00000077     ADC_IO_Test_trigger_via_EPWM_GPIO.obj (.text:main)
                  00009c17    00000070     f280013x_sysctrl.obj (.text:ComputeCntrSeedValue)
                  00009c87    00000051     ADC_IO_Test_trigger_via_EPWM_GPIO.obj (.text:Configure_GPIO)
                  00009cd8    00000043     f280013x_sysctrl.obj (.text:InitPeripheralClocks)
                  00009d1b    0000003d     f280013x_gpio.obj (.text:InitGpio)
                  00009d58    00000038     ADC_IO_Test_trigger_via_EPWM_GPIO.obj (.text:adcA2ISR)
                  00009d90    00000038     ADC_IO_Test_trigger_via_EPWM_GPIO.obj (.text:adcA3ISR)
                  00009dc8    00000037     ADC_IO_Test_trigger_via_EPWM_GPIO.obj (.text:adcA1ISR)
                  00009dff    00000034     f280013x_adc.obj (.text:SetVREF)
                  00009e33    0000002e     rts2800_fpu32_eabi.lib : copy_decompress_lzss.c.obj (.text:decompress:lzss)
                  00009e61    0000002b                            : autoinit.c.obj (.text:__TI_auto_init_nobinit_nopinit)
                  00009e8c    00000029                            : exit.c.obj (.text)
                  00009eb5    00000025     f280013x_pievect.obj (.text:InitPieVectTable)
                  00009eda    00000020     f280013x_sysctrl.obj (.text:SysXtalOscSel)
                  00009efa    0000001f     f280013x_piectrl.obj (.text:InitPieCtrl)
                  00009f19    0000001e     ADC_IO_Test_trigger_via_EPWM_GPIO.obj (.text:init_IN_CP_Borne_ADC)
                  00009f37    0000001e     ADC_IO_Test_trigger_via_EPWM_GPIO.obj (.text:select_CP_9V)
                  00009f55    0000001d     ADC_IO_Test_trigger_via_EPWM_GPIO.obj (.text:init_IN_CP_ADC)
                  00009f72    0000001d     rts2800_fpu32_eabi.lib : memcpy.c.obj (.text)
                  00009f8f    0000001c     ADC_IO_Test_trigger_via_EPWM_GPIO.obj (.text:init_IN_ADC_500VAC)
                  00009fab    0000001b     f280013x_sysctrl.obj (.text:PollX1Counter)
                  00009fc6    0000001b     ADC_IO_Test_trigger_via_EPWM_GPIO.obj (.text:init_EPWM1)
                  00009fe1    0000001b     ADC_IO_Test_trigger_via_EPWM_GPIO.obj (.text:init_EPWM2)
                  00009ffc    00000002     rts2800_fpu32_eabi.lib : pre_init.c.obj (.text)

.text.3    0    0000a000    000003e2     
                  0000a000    0000001b     ADC_IO_Test_trigger_via_EPWM_GPIO.obj (.text:init_EPWM4)
                  0000a01b    00000017     rts2800_fpu32_eabi.lib : boot28.asm.obj (.text)
                  0000a032    00000016     ADC_IO_Test_trigger_via_EPWM_GPIO.obj (.text:initADC_A)
                  0000a048    00000015     f280013x_sysctrl.obj (.text:SysXtalOscSESel)
                  0000a05d    00000014     f280013x_sysctrl.obj (.text:InitSysCtrl)
                  0000a071    0000000d     f280013x_sysctrl.obj (.text:DisableDog)
                  0000a07e    0000000d     f280013x_defaultisr.obj (.text:EMPTY_ISR)
                  0000a08b    0000000c     rts2800_fpu32_eabi.lib : args_main.c.obj (.text)
                  0000a097    0000000b     ADC_IO_Test_trigger_via_EPWM_GPIO.obj (.text:GPIO224_mux_IN_CP_ADC)
                  0000a0a2    0000000b     ADC_IO_Test_trigger_via_EPWM_GPIO.obj (.text:GPIO242_mux_IN_ADC_500VAC)
                  0000a0ad    0000000a     f280013x_defaultisr.obj (.text:ADCA1_ISR)
                  0000a0b7    0000000a     f280013x_defaultisr.obj (.text:ADCA2_ISR)
                  0000a0c1    0000000a     f280013x_defaultisr.obj (.text:ADCA3_ISR)
                  0000a0cb    0000000a     f280013x_defaultisr.obj (.text:ADCA4_ISR)
                  0000a0d5    0000000a     f280013x_defaultisr.obj (.text:ADCA_EVT_ISR)
                  0000a0df    0000000a     f280013x_defaultisr.obj (.text:ADCC1_ISR)
                  0000a0e9    0000000a     f280013x_defaultisr.obj (.text:ADCC2_ISR)
                  0000a0f3    0000000a     f280013x_defaultisr.obj (.text:ADCC3_ISR)
                  0000a0fd    0000000a     f280013x_defaultisr.obj (.text:ADCC4_ISR)
                  0000a107    0000000a     f280013x_defaultisr.obj (.text:ADCC_EVT_ISR)
                  0000a111    0000000a     f280013x_defaultisr.obj (.text:CANA0_ISR)
                  0000a11b    0000000a     f280013x_defaultisr.obj (.text:CANA1_ISR)
                  0000a125    0000000a     f280013x_defaultisr.obj (.text:DATALOG_ISR)
                  0000a12f    0000000a     f280013x_defaultisr.obj (.text:DCC0_ISR)
                  0000a139    0000000a     f280013x_defaultisr.obj (.text:ECAP1_ISR)
                  0000a143    0000000a     f280013x_defaultisr.obj (.text:ECAP2_ISR)
                  0000a14d    0000000a     f280013x_defaultisr.obj (.text:ECAP3_ISR)
                  0000a157    0000000a     f280013x_defaultisr.obj (.text:EMU_ISR)
                  0000a161    0000000a     f280013x_defaultisr.obj (.text:EPWM1_ISR)
                  0000a16b    0000000a     f280013x_defaultisr.obj (.text:EPWM1_TZ_ISR)
                  0000a175    0000000a     f280013x_defaultisr.obj (.text:EPWM2_ISR)
                  0000a17f    0000000a     f280013x_defaultisr.obj (.text:EPWM2_TZ_ISR)
                  0000a189    0000000a     f280013x_defaultisr.obj (.text:EPWM3_ISR)
                  0000a193    0000000a     f280013x_defaultisr.obj (.text:EPWM3_TZ_ISR)
                  0000a19d    0000000a     f280013x_defaultisr.obj (.text:EPWM4_ISR)
                  0000a1a7    0000000a     f280013x_defaultisr.obj (.text:EPWM4_TZ_ISR)
                  0000a1b1    0000000a     f280013x_defaultisr.obj (.text:EPWM5_ISR)
                  0000a1bb    0000000a     f280013x_defaultisr.obj (.text:EPWM5_TZ_ISR)
                  0000a1c5    0000000a     f280013x_defaultisr.obj (.text:EPWM6_ISR)
                  0000a1cf    0000000a     f280013x_defaultisr.obj (.text:EPWM6_TZ_ISR)
                  0000a1d9    0000000a     f280013x_defaultisr.obj (.text:EPWM7_ISR)
                  0000a1e3    0000000a     f280013x_defaultisr.obj (.text:EPWM7_TZ_ISR)
                  0000a1ed    0000000a     f280013x_defaultisr.obj (.text:EQEP1_ISR)
                  0000a1f7    0000000a     f280013x_defaultisr.obj (.text:EQEP2_ISR)
                  0000a201    0000000a     f280013x_defaultisr.obj (.text:FLSS_ISR)
                  0000a20b    0000000a     f280013x_defaultisr.obj (.text:I2CA_FIFO_ISR)
                  0000a215    0000000a     f280013x_defaultisr.obj (.text:I2CA_ISR)
                  0000a21f    0000000a     f280013x_defaultisr.obj (.text:I2CB_FIFO_ISR)
                  0000a229    0000000a     f280013x_defaultisr.obj (.text:I2CB_ISR)
                  0000a233    0000000a     f280013x_defaultisr.obj (.text:ILLEGAL_ISR)
                  0000a23d    0000000a     f280013x_defaultisr.obj (.text:NMI_ISR)
                  0000a247    0000000a     f280013x_defaultisr.obj (.text:NOTUSED_ISR)
                  0000a251    0000000a     f280013x_defaultisr.obj (.text:PIE_RESERVED_ISR)
                  0000a25b    0000000a     f280013x_defaultisr.obj (.text:RTOS_ISR)
                  0000a265    0000000a     f280013x_defaultisr.obj (.text:SCIA_RX_ISR)
                  0000a26f    0000000a     f280013x_defaultisr.obj (.text:SCIA_TX_ISR)
                  0000a279    0000000a     f280013x_defaultisr.obj (.text:SCIB_RX_ISR)
                  0000a283    0000000a     f280013x_defaultisr.obj (.text:SCIB_TX_ISR)
                  0000a28d    0000000a     f280013x_defaultisr.obj (.text:SCIC_RX_ISR)
                  0000a297    0000000a     f280013x_defaultisr.obj (.text:SCIC_TX_ISR)
                  0000a2a1    0000000a     f280013x_defaultisr.obj (.text:SPIA_RX_ISR)
                  0000a2ab    0000000a     f280013x_defaultisr.obj (.text:SPIA_TX_ISR)
                  0000a2b5    0000000a     f280013x_defaultisr.obj (.text:SYS_ERR_ISR)
                  0000a2bf    0000000a     f280013x_defaultisr.obj (.text:TIMER0_ISR)
                  0000a2c9    0000000a     f280013x_defaultisr.obj (.text:TIMER1_ISR)
                  0000a2d3    0000000a     f280013x_defaultisr.obj (.text:TIMER2_ISR)
                  0000a2dd    0000000a     f280013x_defaultisr.obj (.text:USER10_ISR)
                  0000a2e7    0000000a     f280013x_defaultisr.obj (.text:USER11_ISR)
                  0000a2f1    0000000a     f280013x_defaultisr.obj (.text:USER12_ISR)
                  0000a2fb    0000000a     f280013x_defaultisr.obj (.text:USER1_ISR)
                  0000a305    0000000a     f280013x_defaultisr.obj (.text:USER2_ISR)
                  0000a30f    0000000a     f280013x_defaultisr.obj (.text:USER3_ISR)
                  0000a319    0000000a     f280013x_defaultisr.obj (.text:USER4_ISR)
                  0000a323    0000000a     f280013x_defaultisr.obj (.text:USER5_ISR)
                  0000a32d    0000000a     f280013x_defaultisr.obj (.text:USER6_ISR)
                  0000a337    0000000a     f280013x_defaultisr.obj (.text:USER7_ISR)
                  0000a341    0000000a     f280013x_defaultisr.obj (.text:USER8_ISR)
                  0000a34b    0000000a     f280013x_defaultisr.obj (.text:USER9_ISR)
                  0000a355    0000000a     f280013x_defaultisr.obj (.text:WAKE_ISR)
                  0000a35f    0000000a     f280013x_defaultisr.obj (.text:XINT1_ISR)
                  0000a369    0000000a     f280013x_defaultisr.obj (.text:XINT2_ISR)
                  0000a373    0000000a     f280013x_defaultisr.obj (.text:XINT3_ISR)
                  0000a37d    0000000a     f280013x_defaultisr.obj (.text:XINT4_ISR)
                  0000a387    0000000a     f280013x_defaultisr.obj (.text:XINT5_ISR)
                  0000a391    00000009     f280013x_sysctrl.obj (.text:SysIntOsc1Sel)
                  0000a39a    00000009     rts2800_fpu32_eabi.lib : _lock.c.obj (.text)
                  0000a3a3    00000009     ADC_IO_Test_trigger_via_EPWM_GPIO.obj (.text:start_EPWM1)
                  0000a3ac    00000009     ADC_IO_Test_trigger_via_EPWM_GPIO.obj (.text:start_EPWM2)
                  0000a3b5    00000009     ADC_IO_Test_trigger_via_EPWM_GPIO.obj (.text:start_EPWM4)
                  0000a3be    00000008     rts2800_fpu32_eabi.lib : copy_decompress_none.c.obj (.text:decompress:none)
                  0000a3c6    00000008     f280013x_codestartbranch.obj (.text)
                  0000a3ce    00000007     f280013x_sysctrl.obj (.text:SysIntOsc2Sel)
                  0000a3d5    00000007     rts2800_fpu32_eabi.lib : memset.c.obj (.text)
                  0000a3dc    00000006                            : copy_zero_init.c.obj (.text:decompress:ZI)

MODULE SUMMARY

       Module                                  code   ro data   rw data
       ------                                  ----   -------   -------
    .\
       ADC_IO_Test_trigger_via_EPWM_GPIO.obj   636    0         6006   
       f280013x_globalvariabledefs.obj         0      0         2493   
       f280013x_defaultisr.obj                 753    0         0      
       f280013x_sysctrl.obj                    687    0         0      
       f280013x_gpio.obj                       344    0         0      
       f280013x_pievect.obj                    37     256       0      
       f280013x_adc.obj                        52     0         0      
       f280013x_piectrl.obj                    31     0         0      
       f280013x_codestartbranch.obj            10     0         0      
       f280013x_usdelay.obj                    4      0         0      
    +--+---------------------------------------+------+---------+---------+
       Total:                                  2554   256       8499   
                                                                       
    C:\ti\ccs1220\ccs\tools\compiler\ti-cgt-c2000_22.6.0.LTS\lib\rts2800_fpu32_eabi.lib
       fs_div28.asm.obj                        136    0         0      
       exit.c.obj                              41     0         6      
       copy_decompress_lzss.c.obj              46     0         0      
       autoinit.c.obj                          43     0         0      
       memcpy.c.obj                            29     0         0      
       boot28.asm.obj                          23     0         0      
       _lock.c.obj                             9      0         4      
       args_main.c.obj                         12     0         0      
       copy_decompress_none.c.obj              8      0         0      
       memset.c.obj                            7      0         0      
       copy_zero_init.c.obj                    6      0         0      
       pre_init.c.obj                          2      0         0      
       startup.c.obj                           1      0         0      
    +--+---------------------------------------+------+---------+---------+
       Total:                                  363    0         10     
                                                                       
       Stack:                                  0      0         512    
       Linker Generated:                       0      34        0      
    +--+---------------------------------------+------+---------+---------+
       Grand Total:                            2917   290       9021   


LINKER GENERATED COPY TABLES

__TI_cinit_table @ 00000144 records: 3, size/record: 4, table size: 12
	.data: load addr=0000012c, load size=00000008 bytes, run addr=00009874, run size=0000000e bytes, compression=lzss
	.bss: load addr=0000013a, load size=00000004 bytes, run addr=00008100, run size=00001773 bytes, compression=zero_init
	PieVectTableFile: load addr=0000013e, load size=00000004 bytes, run addr=00000d00, run size=00000100 bytes, compression=zero_init


LINKER GENERATED HANDLER TABLE

__TI_handler_table @ 00000134 records: 3, size/record: 2, table size: 6
	index: 0, handler: __TI_zero_init
	index: 1, handler: __TI_decompress_lzss
	index: 2, handler: __TI_decompress_none


GLOBAL DATA SYMBOLS: SORTED BY DATA PAGE

address     data page           name
--------    ----------------    ----
00000400      10 (00000400)     __stack

00000b00      2c (00000b00)     AdcaResultRegs

00000ce0      33 (00000cc0)     PieCtrlRegs

00000d00      34 (00000d00)     PieVectTable

00004000     100 (00004000)     EPwm1Regs

00004100     104 (00004100)     EPwm2Regs

00004300     10c (00004300)     EPwm4Regs

00007000     1c0 (00007000)     WdRegs

00007400     1d0 (00007400)     AdcaRegs

00007500     1d4 (00007500)     AdccRegs

00007c00     1f0 (00007c00)     GpioCtrlRegs

00007f00     1fc (00007f00)     GpioDataRegs

00008000     200 (00008000)     PieVectTableInit

00008100     204 (00008100)     array_IN_ADC_500VAC

000088d0     223 (000088c0)     array_IN_CP_ADC

000090a0     242 (00009080)     array_IN_CP_BORNE

00009870     261 (00009840)     index_1
00009871     261 (00009840)     index_2
00009872     261 (00009840)     index_3
00009874     261 (00009840)     __TI_enable_exit_profile_output
00009876     261 (00009840)     __TI_cleanup_ptr
00009878     261 (00009840)     __TI_dtors_ptr
0000987a     261 (00009840)     array_IN_ADC_500VAC_bufferFull
0000987b     261 (00009840)     array_IN_CP_ADC_bufferFull
0000987c     261 (00009840)     array_IN_CP_BORNE_ADC_bufferFull
0000987e     261 (00009840)     _lock

00009880     262 (00009880)     _unlock

0005d200    1748 (0005d200)     ClkCfgRegs

0005d300    174c (0005d300)     CpuSysRegs

0005d700    175c (0005d700)     AnalogSubsysRegs

0005e700    179c (0005e700)     Dcc0Regs


GLOBAL SYMBOLS: SORTED ALPHABETICALLY BY Name 

page  address   name                            
----  -------   ----                            
0     0000a0ad  ADCA1_ISR                       
0     0000a0b7  ADCA2_ISR                       
0     0000a0c1  ADCA3_ISR                       
0     0000a0cb  ADCA4_ISR                       
0     0000a0d5  ADCA_EVT_ISR                    
0     0000a0df  ADCC1_ISR                       
0     0000a0e9  ADCC2_ISR                       
0     0000a0f3  ADCC3_ISR                       
0     0000a0fd  ADCC4_ISR                       
0     0000a107  ADCC_EVT_ISR                    
1     00007400  AdcaRegs                        
1     00000b00  AdcaResultRegs                  
1     00007500  AdccRegs                        
1     0005d700  AnalogSubsysRegs                
0     00009e8c  C$$EXIT                         
0     0000a111  CANA0_ISR                       
0     0000a11b  CANA1_ISR                       
1     0005d200  ClkCfgRegs                      
0     00009c17  ComputeCntrSeedValue            
0     00009c87  Configure_GPIO                  
1     0005d300  CpuSysRegs                      
0     0000a125  DATALOG_ISR                     
0     0000a12f  DCC0_ISR                        
1     0005e700  Dcc0Regs                        
0     0000a071  DisableDog                      
0     0000a139  ECAP1_ISR                       
0     0000a143  ECAP2_ISR                       
0     0000a14d  ECAP3_ISR                       
0     0000a07e  EMPTY_ISR                       
0     0000a157  EMU_ISR                         
0     0000a161  EPWM1_ISR                       
0     0000a16b  EPWM1_TZ_ISR                    
0     0000a175  EPWM2_ISR                       
0     0000a17f  EPWM2_TZ_ISR                    
0     0000a189  EPWM3_ISR                       
0     0000a193  EPWM3_TZ_ISR                    
0     0000a19d  EPWM4_ISR                       
0     0000a1a7  EPWM4_TZ_ISR                    
0     0000a1b1  EPWM5_ISR                       
0     0000a1bb  EPWM5_TZ_ISR                    
0     0000a1c5  EPWM6_ISR                       
0     0000a1cf  EPWM6_TZ_ISR                    
0     0000a1d9  EPWM7_ISR                       
0     0000a1e3  EPWM7_TZ_ISR                    
1     00004000  EPwm1Regs                       
1     00004100  EPwm2Regs                       
1     00004300  EPwm4Regs                       
0     0000a1ed  EQEP1_ISR                       
0     0000a1f7  EQEP2_ISR                       
0     00000128  F28x_usDelay                    
0     0000a201  FLSS_ISR                        
0     0000a097  GPIO224_mux_IN_CP_ADC           
0     0000a0a2  GPIO242_mux_IN_ADC_500VAC       
0     00009a8f  GPIO_SetupPinMux                
0     000099fd  GPIO_SetupPinOptions            
1     00007c00  GpioCtrlRegs                    
1     00007f00  GpioDataRegs                    
0     0000a20b  I2CA_FIFO_ISR                   
0     0000a215  I2CA_ISR                        
0     0000a21f  I2CB_FIFO_ISR                   
0     0000a229  I2CB_ISR                        
0     0000a233  ILLEGAL_ISR                     
0     00009d1b  InitGpio                        
0     00009cd8  InitPeripheralClocks            
0     00009efa  InitPieCtrl                     
0     00009eb5  InitPieVectTable                
0     0000a05d  InitSysCtrl                     
0     00009882  InitSysPll                      
0     00009968  IsPLLValid                      
0     0000a23d  NMI_ISR                         
0     0000a247  NOTUSED_ISR                     
0     0000a251  PIE_RESERVED_ISR                
1     00000ce0  PieCtrlRegs                     
1     00000d00  PieVectTable                    
0     00008000  PieVectTableInit                
0     0000a25b  RTOS_ISR                        
0     0000a265  SCIA_RX_ISR                     
0     0000a26f  SCIA_TX_ISR                     
0     0000a279  SCIB_RX_ISR                     
0     0000a283  SCIB_TX_ISR                     
0     0000a28d  SCIC_RX_ISR                     
0     0000a297  SCIC_TX_ISR                     
0     0000a2a1  SPIA_RX_ISR                     
0     0000a2ab  SPIA_TX_ISR                     
0     0000a2b5  SYS_ERR_ISR                     
0     00009dff  SetVREF                         
0     0000a391  SysIntOsc1Sel                   
0     0000a3ce  SysIntOsc2Sel                   
0     0000a048  SysXtalOscSESel                 
0     00009eda  SysXtalOscSel                   
0     0000a2bf  TIMER0_ISR                      
0     0000a2c9  TIMER1_ISR                      
0     0000a2d3  TIMER2_ISR                      
0     0000a2dd  USER10_ISR                      
0     0000a2e7  USER11_ISR                      
0     0000a2f1  USER12_ISR                      
0     0000a2fb  USER1_ISR                       
0     0000a305  USER2_ISR                       
0     0000a30f  USER3_ISR                       
0     0000a319  USER4_ISR                       
0     0000a323  USER5_ISR                       
0     0000a32d  USER6_ISR                       
0     0000a337  USER7_ISR                       
0     0000a341  USER8_ISR                       
0     0000a34b  USER9_ISR                       
0     0000a355  WAKE_ISR                        
1     00007000  WdRegs                          
0     0000a35f  XINT1_ISR                       
0     0000a369  XINT2_ISR                       
0     0000a373  XINT3_ISR                       
0     0000a37d  XINT4_ISR                       
0     0000a387  XINT5_ISR                       
0     00000144  __TI_CINIT_Base                 
0     00000150  __TI_CINIT_Limit                
0     00000150  __TI_CINIT_Warm                 
0     00000134  __TI_Handler_Table_Base         
0     0000013a  __TI_Handler_Table_Limit        
0     00000600  __TI_STACK_END                  
abs   00000200  __TI_STACK_SIZE                 
0     00009e61  __TI_auto_init_nobinit_nopinit  
0     00009876  __TI_cleanup_ptr                
0     00009e33  __TI_decompress_lzss            
0     0000a3be  __TI_decompress_none            
0     00009878  __TI_dtors_ptr                  
0     00009874  __TI_enable_exit_profile_output 
abs   ffffffff  __TI_pprof_out_hndl             
abs   ffffffff  __TI_prof_data_size             
abs   ffffffff  __TI_prof_data_start            
0     0000a3dc  __TI_zero_init                  
0     00009b18  __c28xabi_divf                  
n/a   UNDEFED   __c_args__                      
0     00000400  __stack                         
0     0000a08b  _args_main                      
0     0000a01b  _c_int00                        
0     0000987e  _lock                           
0     0000a3a2  _nop                            
0     0000a39e  _register_lock                  
0     0000a39a  _register_unlock                
0     00009873  _system_post_cinit              
0     00009ffc  _system_pre_init                
0     00009880  _unlock                         
0     00009e8c  abort                           
0     00009dc8  adcA1ISR                        
0     00009d58  adcA2ISR                        
0     00009d90  adcA3ISR                        
0     00008100  array_IN_ADC_500VAC             
0     0000987a  array_IN_ADC_500VAC_bufferFull  
0     000088d0  array_IN_CP_ADC                 
0     0000987b  array_IN_CP_ADC_bufferFull      
0     000090a0  array_IN_CP_BORNE               
0     0000987c  array_IN_CP_BORNE_ADC_bufferFull
0     00000000  code_start                      
0     00009e8e  exit                            
0     00009870  index_1                         
0     00009871  index_2                         
0     00009872  index_3                         
0     0000a032  initADC_A                       
0     00009fc6  init_EPWM1                      
0     00009fe1  init_EPWM2                      
0     0000a000  init_EPWM4                      
0     00009f8f  init_IN_ADC_500VAC              
0     00009f55  init_IN_CP_ADC                  
0     00009f19  init_IN_CP_Borne_ADC            
0     00009ba0  main                            
0     00009f72  memcpy                          
0     0000a3d5  memset                          
0     00009f37  select_CP_9V                    
0     0000a3a3  start_EPWM1                     
0     0000a3ac  start_EPWM2                     
0     0000a3b5  start_EPWM4                     


GLOBAL SYMBOLS: SORTED BY Symbol Address 

page  address   name                            
----  -------   ----                            
0     00000000  code_start                      
0     00000128  F28x_usDelay                    
0     00000134  __TI_Handler_Table_Base         
0     0000013a  __TI_Handler_Table_Limit        
0     00000144  __TI_CINIT_Base                 
0     00000150  __TI_CINIT_Limit                
0     00000150  __TI_CINIT_Warm                 
0     00000400  __stack                         
0     00000600  __TI_STACK_END                  
0     00008000  PieVectTableInit                
0     00008100  array_IN_ADC_500VAC             
0     000088d0  array_IN_CP_ADC                 
0     000090a0  array_IN_CP_BORNE               
0     00009870  index_1                         
0     00009871  index_2                         
0     00009872  index_3                         
0     00009873  _system_post_cinit              
0     00009874  __TI_enable_exit_profile_output 
0     00009876  __TI_cleanup_ptr                
0     00009878  __TI_dtors_ptr                  
0     0000987a  array_IN_ADC_500VAC_bufferFull  
0     0000987b  array_IN_CP_ADC_bufferFull      
0     0000987c  array_IN_CP_BORNE_ADC_bufferFull
0     0000987e  _lock                           
0     00009880  _unlock                         
0     00009882  InitSysPll                      
0     00009968  IsPLLValid                      
0     000099fd  GPIO_SetupPinOptions            
0     00009a8f  GPIO_SetupPinMux                
0     00009b18  __c28xabi_divf                  
0     00009ba0  main                            
0     00009c17  ComputeCntrSeedValue            
0     00009c87  Configure_GPIO                  
0     00009cd8  InitPeripheralClocks            
0     00009d1b  InitGpio                        
0     00009d58  adcA2ISR                        
0     00009d90  adcA3ISR                        
0     00009dc8  adcA1ISR                        
0     00009dff  SetVREF                         
0     00009e33  __TI_decompress_lzss            
0     00009e61  __TI_auto_init_nobinit_nopinit  
0     00009e8c  C$$EXIT                         
0     00009e8c  abort                           
0     00009e8e  exit                            
0     00009eb5  InitPieVectTable                
0     00009eda  SysXtalOscSel                   
0     00009efa  InitPieCtrl                     
0     00009f19  init_IN_CP_Borne_ADC            
0     00009f37  select_CP_9V                    
0     00009f55  init_IN_CP_ADC                  
0     00009f72  memcpy                          
0     00009f8f  init_IN_ADC_500VAC              
0     00009fc6  init_EPWM1                      
0     00009fe1  init_EPWM2                      
0     00009ffc  _system_pre_init                
0     0000a000  init_EPWM4                      
0     0000a01b  _c_int00                        
0     0000a032  initADC_A                       
0     0000a048  SysXtalOscSESel                 
0     0000a05d  InitSysCtrl                     
0     0000a071  DisableDog                      
0     0000a07e  EMPTY_ISR                       
0     0000a08b  _args_main                      
0     0000a097  GPIO224_mux_IN_CP_ADC           
0     0000a0a2  GPIO242_mux_IN_ADC_500VAC       
0     0000a0ad  ADCA1_ISR                       
0     0000a0b7  ADCA2_ISR                       
0     0000a0c1  ADCA3_ISR                       
0     0000a0cb  ADCA4_ISR                       
0     0000a0d5  ADCA_EVT_ISR                    
0     0000a0df  ADCC1_ISR                       
0     0000a0e9  ADCC2_ISR                       
0     0000a0f3  ADCC3_ISR                       
0     0000a0fd  ADCC4_ISR                       
0     0000a107  ADCC_EVT_ISR                    
0     0000a111  CANA0_ISR                       
0     0000a11b  CANA1_ISR                       
0     0000a125  DATALOG_ISR                     
0     0000a12f  DCC0_ISR                        
0     0000a139  ECAP1_ISR                       
0     0000a143  ECAP2_ISR                       
0     0000a14d  ECAP3_ISR                       
0     0000a157  EMU_ISR                         
0     0000a161  EPWM1_ISR                       
0     0000a16b  EPWM1_TZ_ISR                    
0     0000a175  EPWM2_ISR                       
0     0000a17f  EPWM2_TZ_ISR                    
0     0000a189  EPWM3_ISR                       
0     0000a193  EPWM3_TZ_ISR                    
0     0000a19d  EPWM4_ISR                       
0     0000a1a7  EPWM4_TZ_ISR                    
0     0000a1b1  EPWM5_ISR                       
0     0000a1bb  EPWM5_TZ_ISR                    
0     0000a1c5  EPWM6_ISR                       
0     0000a1cf  EPWM6_TZ_ISR                    
0     0000a1d9  EPWM7_ISR                       
0     0000a1e3  EPWM7_TZ_ISR                    
0     0000a1ed  EQEP1_ISR                       
0     0000a1f7  EQEP2_ISR                       
0     0000a201  FLSS_ISR                        
0     0000a20b  I2CA_FIFO_ISR                   
0     0000a215  I2CA_ISR                        
0     0000a21f  I2CB_FIFO_ISR                   
0     0000a229  I2CB_ISR                        
0     0000a233  ILLEGAL_ISR                     
0     0000a23d  NMI_ISR                         
0     0000a247  NOTUSED_ISR                     
0     0000a251  PIE_RESERVED_ISR                
0     0000a25b  RTOS_ISR                        
0     0000a265  SCIA_RX_ISR                     
0     0000a26f  SCIA_TX_ISR                     
0     0000a279  SCIB_RX_ISR                     
0     0000a283  SCIB_TX_ISR                     
0     0000a28d  SCIC_RX_ISR                     
0     0000a297  SCIC_TX_ISR                     
0     0000a2a1  SPIA_RX_ISR                     
0     0000a2ab  SPIA_TX_ISR                     
0     0000a2b5  SYS_ERR_ISR                     
0     0000a2bf  TIMER0_ISR                      
0     0000a2c9  TIMER1_ISR                      
0     0000a2d3  TIMER2_ISR                      
0     0000a2dd  USER10_ISR                      
0     0000a2e7  USER11_ISR                      
0     0000a2f1  USER12_ISR                      
0     0000a2fb  USER1_ISR                       
0     0000a305  USER2_ISR                       
0     0000a30f  USER3_ISR                       
0     0000a319  USER4_ISR                       
0     0000a323  USER5_ISR                       
0     0000a32d  USER6_ISR                       
0     0000a337  USER7_ISR                       
0     0000a341  USER8_ISR                       
0     0000a34b  USER9_ISR                       
0     0000a355  WAKE_ISR                        
0     0000a35f  XINT1_ISR                       
0     0000a369  XINT2_ISR                       
0     0000a373  XINT3_ISR                       
0     0000a37d  XINT4_ISR                       
0     0000a387  XINT5_ISR                       
0     0000a391  SysIntOsc1Sel                   
0     0000a39a  _register_unlock                
0     0000a39e  _register_lock                  
0     0000a3a2  _nop                            
0     0000a3a3  start_EPWM1                     
0     0000a3ac  start_EPWM2                     
0     0000a3b5  start_EPWM4                     
0     0000a3be  __TI_decompress_none            
0     0000a3ce  SysIntOsc2Sel                   
0     0000a3d5  memset                          
0     0000a3dc  __TI_zero_init                  
1     00000b00  AdcaResultRegs                  
1     00000ce0  PieCtrlRegs                     
1     00000d00  PieVectTable                    
1     00004000  EPwm1Regs                       
1     00004100  EPwm2Regs                       
1     00004300  EPwm4Regs                       
1     00007000  WdRegs                          
1     00007400  AdcaRegs                        
1     00007500  AdccRegs                        
1     00007c00  GpioCtrlRegs                    
1     00007f00  GpioDataRegs                    
1     0005d200  ClkCfgRegs                      
1     0005d300  CpuSysRegs                      
1     0005d700  AnalogSubsysRegs                
1     0005e700  Dcc0Regs                        
abs   00000200  __TI_STACK_SIZE                 
abs   ffffffff  __TI_pprof_out_hndl             
abs   ffffffff  __TI_prof_data_size             
abs   ffffffff  __TI_prof_data_start            
n/a   UNDEFED   __c_args__                      

[170 symbols]
