<?xml version="1.0" encoding="ISO-8859-1" ?>
<link_info>
   <banner>TMS320C2000 Linker PC v22.6.0.LTS</banner>
   <copyright>Copyright (c) 1996-2018 Texas Instruments Incorporated</copyright>
   <link_time>0x664327ac</link_time>
   <link_errors>0x0</link_errors>
   <output_file>Test_adc_Io_2.out</output_file>
   <entry_point>
      <name>code_start</name>
      <address>0x0</address>
   </entry_point>
   <input_file_list>
      <input_file id="fl-2">
         <path>.\</path>
         <kind>object</kind>
         <file>ADC_IO_Test_trigger_via_timer.obj</file>
         <name>ADC_IO_Test_trigger_via_timer.obj</name>
      </input_file>
      <input_file id="fl-3">
         <path>.\</path>
         <kind>object</kind>
         <file>f280013x_adc.obj</file>
         <name>f280013x_adc.obj</name>
      </input_file>
      <input_file id="fl-4">
         <path>.\</path>
         <kind>object</kind>
         <file>f280013x_codestartbranch.obj</file>
         <name>f280013x_codestartbranch.obj</name>
      </input_file>
      <input_file id="fl-5">
         <path>.\</path>
         <kind>object</kind>
         <file>f280013x_cputimers.obj</file>
         <name>f280013x_cputimers.obj</name>
      </input_file>
      <input_file id="fl-6">
         <path>.\</path>
         <kind>object</kind>
         <file>f280013x_defaultisr.obj</file>
         <name>f280013x_defaultisr.obj</name>
      </input_file>
      <input_file id="fl-7">
         <path>.\</path>
         <kind>object</kind>
         <file>f280013x_epwm.obj</file>
         <name>f280013x_epwm.obj</name>
      </input_file>
      <input_file id="fl-8">
         <path>.\</path>
         <kind>object</kind>
         <file>f280013x_globalvariabledefs.obj</file>
         <name>f280013x_globalvariabledefs.obj</name>
      </input_file>
      <input_file id="fl-9">
         <path>.\</path>
         <kind>object</kind>
         <file>f280013x_gpio.obj</file>
         <name>f280013x_gpio.obj</name>
      </input_file>
      <input_file id="fl-a">
         <path>.\</path>
         <kind>object</kind>
         <file>f280013x_piectrl.obj</file>
         <name>f280013x_piectrl.obj</name>
      </input_file>
      <input_file id="fl-b">
         <path>.\</path>
         <kind>object</kind>
         <file>f280013x_pievect.obj</file>
         <name>f280013x_pievect.obj</name>
      </input_file>
      <input_file id="fl-c">
         <path>.\</path>
         <kind>object</kind>
         <file>f280013x_sysctrl.obj</file>
         <name>f280013x_sysctrl.obj</name>
      </input_file>
      <input_file id="fl-d">
         <path>.\</path>
         <kind>object</kind>
         <file>f280013x_tempsensorconv.obj</file>
         <name>f280013x_tempsensorconv.obj</name>
      </input_file>
      <input_file id="fl-e">
         <path>.\</path>
         <kind>object</kind>
         <file>f280013x_usdelay.obj</file>
         <name>f280013x_usdelay.obj</name>
      </input_file>
      <input_file id="fl-13">
         <kind>object</kind>
         <file>&lt;internal&gt;</file>
         <name>&lt;internal&gt;</name>
      </input_file>
      <input_file id="fl-1f">
         <path>C:\ti\ccs1220\ccs\tools\compiler\ti-cgt-c2000_22.6.0.LTS\lib\</path>
         <kind>archive</kind>
         <file>rts2800_fpu32_eabi.lib</file>
         <name>boot28.asm.obj</name>
      </input_file>
      <input_file id="fl-20">
         <path>C:\ti\ccs1220\ccs\tools\compiler\ti-cgt-c2000_22.6.0.LTS\lib\</path>
         <kind>archive</kind>
         <file>rts2800_fpu32_eabi.lib</file>
         <name>fs_div28.asm.obj</name>
      </input_file>
      <input_file id="fl-21">
         <path>C:\ti\ccs1220\ccs\tools\compiler\ti-cgt-c2000_22.6.0.LTS\lib\</path>
         <kind>archive</kind>
         <file>rts2800_fpu32_eabi.lib</file>
         <name>l_div28.asm.obj</name>
      </input_file>
      <input_file id="fl-22">
         <path>C:\ti\ccs1220\ccs\tools\compiler\ti-cgt-c2000_22.6.0.LTS\lib\</path>
         <kind>archive</kind>
         <file>rts2800_fpu32_eabi.lib</file>
         <name>pre_init.c.obj</name>
      </input_file>
      <input_file id="fl-23">
         <path>C:\ti\ccs1220\ccs\tools\compiler\ti-cgt-c2000_22.6.0.LTS\lib\</path>
         <kind>archive</kind>
         <file>rts2800_fpu32_eabi.lib</file>
         <name>autoinit.c.obj</name>
      </input_file>
      <input_file id="fl-24">
         <path>C:\ti\ccs1220\ccs\tools\compiler\ti-cgt-c2000_22.6.0.LTS\lib\</path>
         <kind>archive</kind>
         <file>rts2800_fpu32_eabi.lib</file>
         <name>copy_zero_init.c.obj</name>
      </input_file>
      <input_file id="fl-25">
         <path>C:\ti\ccs1220\ccs\tools\compiler\ti-cgt-c2000_22.6.0.LTS\lib\</path>
         <kind>archive</kind>
         <file>rts2800_fpu32_eabi.lib</file>
         <name>copy_decompress_none.c.obj</name>
      </input_file>
      <input_file id="fl-26">
         <path>C:\ti\ccs1220\ccs\tools\compiler\ti-cgt-c2000_22.6.0.LTS\lib\</path>
         <kind>archive</kind>
         <file>rts2800_fpu32_eabi.lib</file>
         <name>copy_decompress_lzss.c.obj</name>
      </input_file>
      <input_file id="fl-27">
         <path>C:\ti\ccs1220\ccs\tools\compiler\ti-cgt-c2000_22.6.0.LTS\lib\</path>
         <kind>archive</kind>
         <file>rts2800_fpu32_eabi.lib</file>
         <name>exit.c.obj</name>
      </input_file>
      <input_file id="fl-28">
         <path>C:\ti\ccs1220\ccs\tools\compiler\ti-cgt-c2000_22.6.0.LTS\lib\</path>
         <kind>archive</kind>
         <file>rts2800_fpu32_eabi.lib</file>
         <name>_lock.c.obj</name>
      </input_file>
      <input_file id="fl-29">
         <path>C:\ti\ccs1220\ccs\tools\compiler\ti-cgt-c2000_22.6.0.LTS\lib\</path>
         <kind>archive</kind>
         <file>rts2800_fpu32_eabi.lib</file>
         <name>args_main.c.obj</name>
      </input_file>
      <input_file id="fl-2a">
         <path>C:\ti\ccs1220\ccs\tools\compiler\ti-cgt-c2000_22.6.0.LTS\lib\</path>
         <kind>archive</kind>
         <file>rts2800_fpu32_eabi.lib</file>
         <name>memset.c.obj</name>
      </input_file>
      <input_file id="fl-2b">
         <path>C:\ti\ccs1220\ccs\tools\compiler\ti-cgt-c2000_22.6.0.LTS\lib\</path>
         <kind>archive</kind>
         <file>rts2800_fpu32_eabi.lib</file>
         <name>cpy_tbl.c.obj</name>
      </input_file>
      <input_file id="fl-2c">
         <path>C:\ti\ccs1220\ccs\tools\compiler\ti-cgt-c2000_22.6.0.LTS\lib\</path>
         <kind>archive</kind>
         <file>rts2800_fpu32_eabi.lib</file>
         <name>memcpy.c.obj</name>
      </input_file>
      <input_file id="fl-2d">
         <path>C:\ti\ccs1220\ccs\tools\compiler\ti-cgt-c2000_22.6.0.LTS\lib\</path>
         <kind>archive</kind>
         <file>rts2800_fpu32_eabi.lib</file>
         <name>startup.c.obj</name>
      </input_file>
   </input_file_list>
   <object_component_list>
      <object_component id="oc-66">
         <name>codestart</name>
         <load_address>0x0</load_address>
         <run_address>0x0</run_address>
         <size>0x2</size>
         <input_file_ref idref="fl-4"/>
      </object_component>
      <object_component id="oc-268">
         <name>.TI.ramfunc</name>
         <load_address>0x128</load_address>
         <run_address>0x128</run_address>
         <size>0x4</size>
         <input_file_ref idref="fl-e"/>
      </object_component>
      <object_component id="oc-44d">
         <name>.text</name>
         <load_address>0x871b</load_address>
         <run_address>0x871b</run_address>
         <size>0x1</size>
         <input_file_ref idref="fl-2d"/>
      </object_component>
      <object_component id="oc-345">
         <name>.text:InitSysPll</name>
         <load_address>0x8726</load_address>
         <run_address>0x8726</run_address>
         <size>0xe6</size>
         <input_file_ref idref="fl-c"/>
      </object_component>
      <object_component id="oc-3c4">
         <name>.text:IsPLLValid</name>
         <load_address>0x880c</load_address>
         <run_address>0x880c</run_address>
         <size>0x95</size>
         <input_file_ref idref="fl-c"/>
      </object_component>
      <object_component id="oc-437">
         <name>.text</name>
         <load_address>0x88a1</load_address>
         <run_address>0x88a1</run_address>
         <size>0x88</size>
         <input_file_ref idref="fl-20"/>
      </object_component>
      <object_component id="oc-43c">
         <name>.text:ComputeCntrSeedValue</name>
         <load_address>0x8929</load_address>
         <run_address>0x8929</run_address>
         <size>0x70</size>
         <input_file_ref idref="fl-c"/>
      </object_component>
      <object_component id="oc-70">
         <name>.text:main</name>
         <load_address>0x8999</load_address>
         <run_address>0x8999</run_address>
         <size>0x52</size>
         <input_file_ref idref="fl-2"/>
      </object_component>
      <object_component id="oc-6b">
         <name>.text:cpuTimer2ISR</name>
         <load_address>0x89eb</load_address>
         <run_address>0x89eb</run_address>
         <size>0x4b</size>
         <input_file_ref idref="fl-2"/>
      </object_component>
      <object_component id="oc-34b">
         <name>.text:InitPeripheralClocks</name>
         <load_address>0x8a36</load_address>
         <run_address>0x8a36</run_address>
         <size>0x43</size>
         <input_file_ref idref="fl-c"/>
      </object_component>
      <object_component id="oc-296">
         <name>.text:InitCpuTimers</name>
         <load_address>0x8a79</load_address>
         <run_address>0x8a79</run_address>
         <size>0x41</size>
         <input_file_ref idref="fl-5"/>
      </object_component>
      <object_component id="oc-278">
         <name>.text:InitGpio</name>
         <load_address>0x8aba</load_address>
         <run_address>0x8aba</run_address>
         <size>0x3d</size>
         <input_file_ref idref="fl-9"/>
      </object_component>
      <object_component id="oc-29c">
         <name>.text:ConfigCpuTimer</name>
         <load_address>0x8af7</load_address>
         <run_address>0x8af7</run_address>
         <size>0x3a</size>
         <input_file_ref idref="fl-5"/>
      </object_component>
      <object_component id="oc-36b">
         <name>.text:SetVREF</name>
         <load_address>0x8b31</load_address>
         <run_address>0x8b31</run_address>
         <size>0x34</size>
         <input_file_ref idref="fl-3"/>
      </object_component>
      <object_component id="oc-59">
         <name>.text:decompress:lzss</name>
         <load_address>0x8b65</load_address>
         <run_address>0x8b65</run_address>
         <size>0x2e</size>
         <input_file_ref idref="fl-26"/>
      </object_component>
      <object_component id="oc-3ec">
         <name>.text:__TI_auto_init_nobinit_nopinit</name>
         <load_address>0x8b93</load_address>
         <run_address>0x8b93</run_address>
         <size>0x2b</size>
         <input_file_ref idref="fl-23"/>
      </object_component>
      <object_component id="oc-398">
         <name>.text</name>
         <load_address>0x8bbe</load_address>
         <run_address>0x8bbe</run_address>
         <size>0x29</size>
         <input_file_ref idref="fl-27"/>
      </object_component>
      <object_component id="oc-290">
         <name>.text:InitPieVectTable</name>
         <load_address>0x8be7</load_address>
         <run_address>0x8be7</run_address>
         <size>0x25</size>
         <input_file_ref idref="fl-b"/>
      </object_component>
      <object_component id="oc-3b8">
         <name>.text:SysXtalOscSel</name>
         <load_address>0x8c0c</load_address>
         <run_address>0x8c0c</run_address>
         <size>0x20</size>
         <input_file_ref idref="fl-c"/>
      </object_component>
      <object_component id="oc-28a">
         <name>.text:InitPieCtrl</name>
         <load_address>0x8c2c</load_address>
         <run_address>0x8c2c</run_address>
         <size>0x1f</size>
         <input_file_ref idref="fl-a"/>
      </object_component>
      <object_component id="oc-23f">
         <name>.text</name>
         <load_address>0x8c4b</load_address>
         <run_address>0x8c4b</run_address>
         <size>0x1d</size>
         <input_file_ref idref="fl-2c"/>
      </object_component>
      <object_component id="oc-2b4">
         <name>.text:init_IN_CP_Borne_ADC</name>
         <load_address>0x8c68</load_address>
         <run_address>0x8c68</run_address>
         <size>0x1c</size>
         <input_file_ref idref="fl-2"/>
      </object_component>
      <object_component id="oc-42c">
         <name>.text:PollX1Counter</name>
         <load_address>0x8c84</load_address>
         <run_address>0x8c84</run_address>
         <size>0x1b</size>
         <input_file_ref idref="fl-c"/>
      </object_component>
      <object_component id="oc-2ae">
         <name>.text:init_IN_CP_ADC</name>
         <load_address>0x8c9f</load_address>
         <run_address>0x8c9f</run_address>
         <size>0x1b</size>
         <input_file_ref idref="fl-2"/>
      </object_component>
      <object_component id="oc-2a8">
         <name>.text:init_IN_ADC_500VAC</name>
         <load_address>0x8cba</load_address>
         <run_address>0x8cba</run_address>
         <size>0x1a</size>
         <input_file_ref idref="fl-2"/>
      </object_component>
      <object_component id="oc-327">
         <name>.text</name>
         <load_address>0x8cd4</load_address>
         <run_address>0x8cd4</run_address>
         <size>0x17</size>
         <input_file_ref idref="fl-1f"/>
      </object_component>
      <object_component id="oc-2a2">
         <name>.text:initADC_A</name>
         <load_address>0x8ceb</load_address>
         <run_address>0x8ceb</run_address>
         <size>0x16</size>
         <input_file_ref idref="fl-2"/>
      </object_component>
      <object_component id="oc-3be">
         <name>.text:SysXtalOscSESel</name>
         <load_address>0x8d01</load_address>
         <run_address>0x8d01</run_address>
         <size>0x15</size>
         <input_file_ref idref="fl-c"/>
      </object_component>
      <object_component id="oc-272">
         <name>.text:InitSysCtrl</name>
         <load_address>0x8d16</load_address>
         <run_address>0x8d16</run_address>
         <size>0x14</size>
         <input_file_ref idref="fl-c"/>
      </object_component>
      <object_component id="oc-33f">
         <name>.text:DisableDog</name>
         <load_address>0x8d2a</load_address>
         <run_address>0x8d2a</run_address>
         <size>0xd</size>
         <input_file_ref idref="fl-c"/>
      </object_component>
      <object_component id="oc-230">
         <name>.text:EMPTY_ISR</name>
         <load_address>0x8d37</load_address>
         <run_address>0x8d37</run_address>
         <size>0xd</size>
         <input_file_ref idref="fl-6"/>
      </object_component>
      <object_component id="oc-392">
         <name>.text</name>
         <load_address>0x8d44</load_address>
         <run_address>0x8d44</run_address>
         <size>0xc</size>
         <input_file_ref idref="fl-29"/>
      </object_component>
      <object_component id="oc-284">
         <name>.text:GPIO224_mux_IN_CP_ADC</name>
         <load_address>0x8d50</load_address>
         <run_address>0x8d50</run_address>
         <size>0xb</size>
         <input_file_ref idref="fl-2"/>
      </object_component>
      <object_component id="oc-27e">
         <name>.text:GPIO242_mux_IN_ADC_500VAC</name>
         <load_address>0x8d5b</load_address>
         <run_address>0x8d5b</run_address>
         <size>0xb</size>
         <input_file_ref idref="fl-2"/>
      </object_component>
      <object_component id="oc-ec">
         <name>.text:ADCA1_ISR</name>
         <load_address>0x8d66</load_address>
         <run_address>0x8d66</run_address>
         <size>0xa</size>
         <input_file_ref idref="fl-6"/>
      </object_component>
      <object_component id="oc-1e8">
         <name>.text:ADCA2_ISR</name>
         <load_address>0x8d70</load_address>
         <run_address>0x8d70</run_address>
         <size>0xa</size>
         <input_file_ref idref="fl-6"/>
      </object_component>
      <object_component id="oc-1ee">
         <name>.text:ADCA3_ISR</name>
         <load_address>0x8d7a</load_address>
         <run_address>0x8d7a</run_address>
         <size>0xa</size>
         <input_file_ref idref="fl-6"/>
      </object_component>
      <object_component id="oc-1f4">
         <name>.text:ADCA4_ISR</name>
         <load_address>0x8d84</load_address>
         <run_address>0x8d84</run_address>
         <size>0xa</size>
         <input_file_ref idref="fl-6"/>
      </object_component>
      <object_component id="oc-1e2">
         <name>.text:ADCA_EVT_ISR</name>
         <load_address>0x8d8e</load_address>
         <run_address>0x8d8e</run_address>
         <size>0xa</size>
         <input_file_ref idref="fl-6"/>
      </object_component>
      <object_component id="oc-f2">
         <name>.text:ADCC1_ISR</name>
         <load_address>0x8d98</load_address>
         <run_address>0x8d98</run_address>
         <size>0xa</size>
         <input_file_ref idref="fl-6"/>
      </object_component>
      <object_component id="oc-200">
         <name>.text:ADCC2_ISR</name>
         <load_address>0x8da2</load_address>
         <run_address>0x8da2</run_address>
         <size>0xa</size>
         <input_file_ref idref="fl-6"/>
      </object_component>
      <object_component id="oc-206">
         <name>.text:ADCC3_ISR</name>
         <load_address>0x8dac</load_address>
         <run_address>0x8dac</run_address>
         <size>0xa</size>
         <input_file_ref idref="fl-6"/>
      </object_component>
      <object_component id="oc-20c">
         <name>.text:ADCC4_ISR</name>
         <load_address>0x8db6</load_address>
         <run_address>0x8db6</run_address>
         <size>0xa</size>
         <input_file_ref idref="fl-6"/>
      </object_component>
      <object_component id="oc-1fa">
         <name>.text:ADCC_EVT_ISR</name>
         <load_address>0x8dc0</load_address>
         <run_address>0x8dc0</run_address>
         <size>0xa</size>
         <input_file_ref idref="fl-6"/>
      </object_component>
      <object_component id="oc-1d6">
         <name>.text:CANA0_ISR</name>
         <load_address>0x8dca</load_address>
         <run_address>0x8dca</run_address>
         <size>0xa</size>
         <input_file_ref idref="fl-6"/>
      </object_component>
      <object_component id="oc-1dc">
         <name>.text:CANA1_ISR</name>
         <load_address>0x8dd4</load_address>
         <run_address>0x8dd4</run_address>
         <size>0xa</size>
         <input_file_ref idref="fl-6"/>
      </object_component>
      <object_component id="oc-86">
         <name>.text:DATALOG_ISR</name>
         <load_address>0x8dde</load_address>
         <run_address>0x8dde</run_address>
         <size>0xa</size>
         <input_file_ref idref="fl-6"/>
      </object_component>
      <object_component id="oc-194">
         <name>.text:DCC0_ISR</name>
         <load_address>0x8de8</load_address>
         <run_address>0x8de8</run_address>
         <size>0xa</size>
         <input_file_ref idref="fl-6"/>
      </object_component>
      <object_component id="oc-16a">
         <name>.text:ECAP1_ISR</name>
         <load_address>0x8df2</load_address>
         <run_address>0x8df2</run_address>
         <size>0xa</size>
         <input_file_ref idref="fl-6"/>
      </object_component>
      <object_component id="oc-170">
         <name>.text:ECAP2_ISR</name>
         <load_address>0x8dfc</load_address>
         <run_address>0x8dfc</run_address>
         <size>0xa</size>
         <input_file_ref idref="fl-6"/>
      </object_component>
      <object_component id="oc-176">
         <name>.text:ECAP3_ISR</name>
         <load_address>0x8e06</load_address>
         <run_address>0x8e06</run_address>
         <size>0xa</size>
         <input_file_ref idref="fl-6"/>
      </object_component>
      <object_component id="oc-92">
         <name>.text:EMU_ISR</name>
         <load_address>0x8e10</load_address>
         <run_address>0x8e10</run_address>
         <size>0xa</size>
         <input_file_ref idref="fl-6"/>
      </object_component>
      <object_component id="oc-140">
         <name>.text:EPWM1_ISR</name>
         <load_address>0x8e1a</load_address>
         <run_address>0x8e1a</run_address>
         <size>0xa</size>
         <input_file_ref idref="fl-6"/>
      </object_component>
      <object_component id="oc-116">
         <name>.text:EPWM1_TZ_ISR</name>
         <load_address>0x8e24</load_address>
         <run_address>0x8e24</run_address>
         <size>0xa</size>
         <input_file_ref idref="fl-6"/>
      </object_component>
      <object_component id="oc-146">
         <name>.text:EPWM2_ISR</name>
         <load_address>0x8e2e</load_address>
         <run_address>0x8e2e</run_address>
         <size>0xa</size>
         <input_file_ref idref="fl-6"/>
      </object_component>
      <object_component id="oc-11c">
         <name>.text:EPWM2_TZ_ISR</name>
         <load_address>0x8e38</load_address>
         <run_address>0x8e38</run_address>
         <size>0xa</size>
         <input_file_ref idref="fl-6"/>
      </object_component>
      <object_component id="oc-14c">
         <name>.text:EPWM3_ISR</name>
         <load_address>0x8e42</load_address>
         <run_address>0x8e42</run_address>
         <size>0xa</size>
         <input_file_ref idref="fl-6"/>
      </object_component>
      <object_component id="oc-122">
         <name>.text:EPWM3_TZ_ISR</name>
         <load_address>0x8e4c</load_address>
         <run_address>0x8e4c</run_address>
         <size>0xa</size>
         <input_file_ref idref="fl-6"/>
      </object_component>
      <object_component id="oc-152">
         <name>.text:EPWM4_ISR</name>
         <load_address>0x8e56</load_address>
         <run_address>0x8e56</run_address>
         <size>0xa</size>
         <input_file_ref idref="fl-6"/>
      </object_component>
      <object_component id="oc-128">
         <name>.text:EPWM4_TZ_ISR</name>
         <load_address>0x8e60</load_address>
         <run_address>0x8e60</run_address>
         <size>0xa</size>
         <input_file_ref idref="fl-6"/>
      </object_component>
      <object_component id="oc-158">
         <name>.text:EPWM5_ISR</name>
         <load_address>0x8e6a</load_address>
         <run_address>0x8e6a</run_address>
         <size>0xa</size>
         <input_file_ref idref="fl-6"/>
      </object_component>
      <object_component id="oc-12e">
         <name>.text:EPWM5_TZ_ISR</name>
         <load_address>0x8e74</load_address>
         <run_address>0x8e74</run_address>
         <size>0xa</size>
         <input_file_ref idref="fl-6"/>
      </object_component>
      <object_component id="oc-15e">
         <name>.text:EPWM6_ISR</name>
         <load_address>0x8e7e</load_address>
         <run_address>0x8e7e</run_address>
         <size>0xa</size>
         <input_file_ref idref="fl-6"/>
      </object_component>
      <object_component id="oc-134">
         <name>.text:EPWM6_TZ_ISR</name>
         <load_address>0x8e88</load_address>
         <run_address>0x8e88</run_address>
         <size>0xa</size>
         <input_file_ref idref="fl-6"/>
      </object_component>
      <object_component id="oc-164">
         <name>.text:EPWM7_ISR</name>
         <load_address>0x8e92</load_address>
         <run_address>0x8e92</run_address>
         <size>0xa</size>
         <input_file_ref idref="fl-6"/>
      </object_component>
      <object_component id="oc-13a">
         <name>.text:EPWM7_TZ_ISR</name>
         <load_address>0x8e9c</load_address>
         <run_address>0x8e9c</run_address>
         <size>0xa</size>
         <input_file_ref idref="fl-6"/>
      </object_component>
      <object_component id="oc-17c">
         <name>.text:EQEP1_ISR</name>
         <load_address>0x8ea6</load_address>
         <run_address>0x8ea6</run_address>
         <size>0xa</size>
         <input_file_ref idref="fl-6"/>
      </object_component>
      <object_component id="oc-182">
         <name>.text:EQEP2_ISR</name>
         <load_address>0x8eb0</load_address>
         <run_address>0x8eb0</run_address>
         <size>0xa</size>
         <input_file_ref idref="fl-6"/>
      </object_component>
      <object_component id="oc-224">
         <name>.text:FLSS_ISR</name>
         <load_address>0x8eba</load_address>
         <run_address>0x8eba</run_address>
         <size>0xa</size>
         <input_file_ref idref="fl-6"/>
      </object_component>
      <object_component id="oc-1a0">
         <name>.text:I2CA_FIFO_ISR</name>
         <load_address>0x8ec4</load_address>
         <run_address>0x8ec4</run_address>
         <size>0xa</size>
         <input_file_ref idref="fl-6"/>
      </object_component>
      <object_component id="oc-19a">
         <name>.text:I2CA_ISR</name>
         <load_address>0x8ece</load_address>
         <run_address>0x8ece</run_address>
         <size>0xa</size>
         <input_file_ref idref="fl-6"/>
      </object_component>
      <object_component id="oc-1ac">
         <name>.text:I2CB_FIFO_ISR</name>
         <load_address>0x8ed8</load_address>
         <run_address>0x8ed8</run_address>
         <size>0xa</size>
         <input_file_ref idref="fl-6"/>
      </object_component>
      <object_component id="oc-1a6">
         <name>.text:I2CB_ISR</name>
         <load_address>0x8ee2</load_address>
         <run_address>0x8ee2</run_address>
         <size>0xa</size>
         <input_file_ref idref="fl-6"/>
      </object_component>
      <object_component id="oc-9e">
         <name>.text:ILLEGAL_ISR</name>
         <load_address>0x8eec</load_address>
         <run_address>0x8eec</run_address>
         <size>0xa</size>
         <input_file_ref idref="fl-6"/>
      </object_component>
      <object_component id="oc-98">
         <name>.text:NMI_ISR</name>
         <load_address>0x8ef6</load_address>
         <run_address>0x8ef6</run_address>
         <size>0xa</size>
         <input_file_ref idref="fl-6"/>
      </object_component>
      <object_component id="oc-236">
         <name>.text:NOTUSED_ISR</name>
         <load_address>0x8f00</load_address>
         <run_address>0x8f00</run_address>
         <size>0xa</size>
         <input_file_ref idref="fl-6"/>
      </object_component>
      <object_component id="oc-22a">
         <name>.text:PIE_RESERVED_ISR</name>
         <load_address>0x8f0a</load_address>
         <run_address>0x8f0a</run_address>
         <size>0xa</size>
         <input_file_ref idref="fl-6"/>
      </object_component>
      <object_component id="oc-8c">
         <name>.text:RTOS_ISR</name>
         <load_address>0x8f14</load_address>
         <run_address>0x8f14</run_address>
         <size>0xa</size>
         <input_file_ref idref="fl-6"/>
      </object_component>
      <object_component id="oc-1be">
         <name>.text:SCIA_RX_ISR</name>
         <load_address>0x8f1e</load_address>
         <run_address>0x8f1e</run_address>
         <size>0xa</size>
         <input_file_ref idref="fl-6"/>
      </object_component>
      <object_component id="oc-1c4">
         <name>.text:SCIA_TX_ISR</name>
         <load_address>0x8f28</load_address>
         <run_address>0x8f28</run_address>
         <size>0xa</size>
         <input_file_ref idref="fl-6"/>
      </object_component>
      <object_component id="oc-1ca">
         <name>.text:SCIB_RX_ISR</name>
         <load_address>0x8f32</load_address>
         <run_address>0x8f32</run_address>
         <size>0xa</size>
         <input_file_ref idref="fl-6"/>
      </object_component>
      <object_component id="oc-1d0">
         <name>.text:SCIB_TX_ISR</name>
         <load_address>0x8f3c</load_address>
         <run_address>0x8f3c</run_address>
         <size>0xa</size>
         <input_file_ref idref="fl-6"/>
      </object_component>
      <object_component id="oc-1b2">
         <name>.text:SCIC_RX_ISR</name>
         <load_address>0x8f46</load_address>
         <run_address>0x8f46</run_address>
         <size>0xa</size>
         <input_file_ref idref="fl-6"/>
      </object_component>
      <object_component id="oc-1b8">
         <name>.text:SCIC_TX_ISR</name>
         <load_address>0x8f50</load_address>
         <run_address>0x8f50</run_address>
         <size>0xa</size>
         <input_file_ref idref="fl-6"/>
      </object_component>
      <object_component id="oc-188">
         <name>.text:SPIA_RX_ISR</name>
         <load_address>0x8f5a</load_address>
         <run_address>0x8f5a</run_address>
         <size>0xa</size>
         <input_file_ref idref="fl-6"/>
      </object_component>
      <object_component id="oc-18e">
         <name>.text:SPIA_TX_ISR</name>
         <load_address>0x8f64</load_address>
         <run_address>0x8f64</run_address>
         <size>0xa</size>
         <input_file_ref idref="fl-6"/>
      </object_component>
      <object_component id="oc-104">
         <name>.text:SYS_ERR_ISR</name>
         <load_address>0x8f6e</load_address>
         <run_address>0x8f6e</run_address>
         <size>0xa</size>
         <input_file_ref idref="fl-6"/>
      </object_component>
      <object_component id="oc-10a">
         <name>.text:TIMER0_ISR</name>
         <load_address>0x8f78</load_address>
         <run_address>0x8f78</run_address>
         <size>0xa</size>
         <input_file_ref idref="fl-6"/>
      </object_component>
      <object_component id="oc-77">
         <name>.text:TIMER1_ISR</name>
         <load_address>0x8f82</load_address>
         <run_address>0x8f82</run_address>
         <size>0xa</size>
         <input_file_ref idref="fl-6"/>
      </object_component>
      <object_component id="oc-80">
         <name>.text:TIMER2_ISR</name>
         <load_address>0x8f8c</load_address>
         <run_address>0x8f8c</run_address>
         <size>0xa</size>
         <input_file_ref idref="fl-6"/>
      </object_component>
      <object_component id="oc-da">
         <name>.text:USER10_ISR</name>
         <load_address>0x8f96</load_address>
         <run_address>0x8f96</run_address>
         <size>0xa</size>
         <input_file_ref idref="fl-6"/>
      </object_component>
      <object_component id="oc-e0">
         <name>.text:USER11_ISR</name>
         <load_address>0x8fa0</load_address>
         <run_address>0x8fa0</run_address>
         <size>0xa</size>
         <input_file_ref idref="fl-6"/>
      </object_component>
      <object_component id="oc-e6">
         <name>.text:USER12_ISR</name>
         <load_address>0x8faa</load_address>
         <run_address>0x8faa</run_address>
         <size>0xa</size>
         <input_file_ref idref="fl-6"/>
      </object_component>
      <object_component id="oc-a4">
         <name>.text:USER1_ISR</name>
         <load_address>0x8fb4</load_address>
         <run_address>0x8fb4</run_address>
         <size>0xa</size>
         <input_file_ref idref="fl-6"/>
      </object_component>
      <object_component id="oc-aa">
         <name>.text:USER2_ISR</name>
         <load_address>0x8fbe</load_address>
         <run_address>0x8fbe</run_address>
         <size>0xa</size>
         <input_file_ref idref="fl-6"/>
      </object_component>
      <object_component id="oc-b0">
         <name>.text:USER3_ISR</name>
         <load_address>0x8fc8</load_address>
         <run_address>0x8fc8</run_address>
         <size>0xa</size>
         <input_file_ref idref="fl-6"/>
      </object_component>
      <object_component id="oc-b6">
         <name>.text:USER4_ISR</name>
         <load_address>0x8fd2</load_address>
         <run_address>0x8fd2</run_address>
         <size>0xa</size>
         <input_file_ref idref="fl-6"/>
      </object_component>
      <object_component id="oc-bc">
         <name>.text:USER5_ISR</name>
         <load_address>0x8fdc</load_address>
         <run_address>0x8fdc</run_address>
         <size>0xa</size>
         <input_file_ref idref="fl-6"/>
      </object_component>
      <object_component id="oc-c2">
         <name>.text:USER6_ISR</name>
         <load_address>0x8fe6</load_address>
         <run_address>0x8fe6</run_address>
         <size>0xa</size>
         <input_file_ref idref="fl-6"/>
      </object_component>
      <object_component id="oc-c8">
         <name>.text:USER7_ISR</name>
         <load_address>0x8ff0</load_address>
         <run_address>0x8ff0</run_address>
         <size>0xa</size>
         <input_file_ref idref="fl-6"/>
      </object_component>
      <object_component id="oc-ce">
         <name>.text:USER8_ISR</name>
         <load_address>0x8ffa</load_address>
         <run_address>0x8ffa</run_address>
         <size>0xa</size>
         <input_file_ref idref="fl-6"/>
      </object_component>
      <object_component id="oc-d4">
         <name>.text:USER9_ISR</name>
         <load_address>0x9004</load_address>
         <run_address>0x9004</run_address>
         <size>0xa</size>
         <input_file_ref idref="fl-6"/>
      </object_component>
      <object_component id="oc-110">
         <name>.text:WAKE_ISR</name>
         <load_address>0x900e</load_address>
         <run_address>0x900e</run_address>
         <size>0xa</size>
         <input_file_ref idref="fl-6"/>
      </object_component>
      <object_component id="oc-f8">
         <name>.text:XINT1_ISR</name>
         <load_address>0x9018</load_address>
         <run_address>0x9018</run_address>
         <size>0xa</size>
         <input_file_ref idref="fl-6"/>
      </object_component>
      <object_component id="oc-fe">
         <name>.text:XINT2_ISR</name>
         <load_address>0x9022</load_address>
         <run_address>0x9022</run_address>
         <size>0xa</size>
         <input_file_ref idref="fl-6"/>
      </object_component>
      <object_component id="oc-212">
         <name>.text:XINT3_ISR</name>
         <load_address>0x902c</load_address>
         <run_address>0x902c</run_address>
         <size>0xa</size>
         <input_file_ref idref="fl-6"/>
      </object_component>
      <object_component id="oc-218">
         <name>.text:XINT4_ISR</name>
         <load_address>0x9036</load_address>
         <run_address>0x9036</run_address>
         <size>0xa</size>
         <input_file_ref idref="fl-6"/>
      </object_component>
      <object_component id="oc-21e">
         <name>.text:XINT5_ISR</name>
         <load_address>0x9040</load_address>
         <run_address>0x9040</run_address>
         <size>0xa</size>
         <input_file_ref idref="fl-6"/>
      </object_component>
      <object_component id="oc-3ac">
         <name>.text:SysIntOsc1Sel</name>
         <load_address>0x904a</load_address>
         <run_address>0x904a</run_address>
         <size>0x9</size>
         <input_file_ref idref="fl-c"/>
      </object_component>
      <object_component id="oc-467">
         <name>.text</name>
         <load_address>0x9053</load_address>
         <run_address>0x9053</run_address>
         <size>0x9</size>
         <input_file_ref idref="fl-28"/>
      </object_component>
      <object_component id="oc-5f">
         <name>.text:decompress:none</name>
         <load_address>0x905c</load_address>
         <run_address>0x905c</run_address>
         <size>0x8</size>
         <input_file_ref idref="fl-25"/>
      </object_component>
      <object_component id="oc-253">
         <name>.text</name>
         <load_address>0x9064</load_address>
         <run_address>0x9064</run_address>
         <size>0x8</size>
         <input_file_ref idref="fl-4"/>
      </object_component>
      <object_component id="oc-3b2">
         <name>.text:SysIntOsc2Sel</name>
         <load_address>0x906c</load_address>
         <run_address>0x906c</run_address>
         <size>0x7</size>
         <input_file_ref idref="fl-c"/>
      </object_component>
      <object_component id="oc-320">
         <name>.text</name>
         <load_address>0x9073</load_address>
         <run_address>0x9073</run_address>
         <size>0x7</size>
         <input_file_ref idref="fl-2a"/>
      </object_component>
      <object_component id="oc-24d">
         <name>.text:decompress:ZI</name>
         <load_address>0x907a</load_address>
         <run_address>0x907a</run_address>
         <size>0x6</size>
         <input_file_ref idref="fl-24"/>
      </object_component>
      <object_component id="oc-38b">
         <name>.text</name>
         <load_address>0x9080</load_address>
         <run_address>0x9080</run_address>
         <size>0x2</size>
         <input_file_ref idref="fl-22"/>
      </object_component>
      <object_component id="oc-4fb">
         <name>.cinit..data.load</name>
         <load_address>0x12c</load_address>
         <run_address>0x12c</run_address>
         <size>0x8</size>
      </object_component>
      <object_component id="oc-4f8">
         <name>__TI_handler_table</name>
         <load_address>0x134</load_address>
         <run_address>0x134</run_address>
         <size>0x6</size>
      </object_component>
      <object_component id="oc-4fa">
         <name>.cinit..bss.load</name>
         <load_address>0x13a</load_address>
         <run_address>0x13a</run_address>
         <size>0x4</size>
      </object_component>
      <object_component id="oc-4fc">
         <name>.cinit.PieVectTableFile.load</name>
         <load_address>0x13e</load_address>
         <run_address>0x13e</run_address>
         <size>0x4</size>
      </object_component>
      <object_component id="oc-4f9">
         <name>__TI_cinit_table</name>
         <load_address>0x144</load_address>
         <run_address>0x144</run_address>
         <size>0xc</size>
      </object_component>
      <object_component id="oc-23c">
         <name>.stack</name>
         <uninitialized>true</uninitialized>
         <run_address>0x400</run_address>
         <size>0x0</size>
         <input_file_ref idref="fl-1f"/>
      </object_component>
      <object_component id="oc-4fd">
         <name>.stack</name>
         <uninitialized>true</uninitialized>
         <run_address>0x400</run_address>
         <size>0x0</size>
      </object_component>
      <object_component id="oc-25f">
         <name>.bss</name>
         <uninitialized>true</uninitialized>
         <run_address>0x8718</run_address>
         <size>0x3</size>
         <input_file_ref idref="fl-2"/>
      </object_component>
      <object_component id="oc-26d">
         <name>.bss:array_IN_ADC_500VAC</name>
         <uninitialized>true</uninitialized>
         <run_address>0x8100</run_address>
         <size>0x200</size>
         <input_file_ref idref="fl-2"/>
      </object_component>
      <object_component id="oc-2ba">
         <name>.bss:array_IN_CP_ADC</name>
         <uninitialized>true</uninitialized>
         <run_address>0x8300</run_address>
         <size>0x200</size>
         <input_file_ref idref="fl-2"/>
      </object_component>
      <object_component id="oc-2bd">
         <name>.bss:array_IN_CP_BORNE</name>
         <uninitialized>true</uninitialized>
         <run_address>0x8500</run_address>
         <size>0x200</size>
         <input_file_ref idref="fl-2"/>
      </object_component>
      <object_component id="oc-259">
         <name>.bss</name>
         <uninitialized>true</uninitialized>
         <run_address>0x8700</run_address>
         <size>0x18</size>
         <input_file_ref idref="fl-5"/>
      </object_component>
      <object_component id="oc-7d">
         <name>.const</name>
         <load_address>0x8000</load_address>
         <run_address>0x8000</run_address>
         <size>0x100</size>
         <input_file_ref idref="fl-b"/>
      </object_component>
      <object_component id="oc-41e">
         <name>.data</name>
         <load_address>0x871c</load_address>
         <run_address>0x871c</run_address>
         <size>0x6</size>
         <input_file_ref idref="fl-27"/>
      </object_component>
      <object_component id="oc-421">
         <name>.data:_lock</name>
         <load_address>0x8722</load_address>
         <run_address>0x8722</run_address>
         <size>0x2</size>
         <input_file_ref idref="fl-28"/>
      </object_component>
      <object_component id="oc-47f">
         <name>.data:_unlock</name>
         <load_address>0x8724</load_address>
         <run_address>0x8724</run_address>
         <size>0x2</size>
         <input_file_ref idref="fl-28"/>
      </object_component>
      <object_component id="oc-2c0">
         <name>PieVectTableFile</name>
         <uninitialized>true</uninitialized>
         <run_address>0xd00</run_address>
         <size>0x100</size>
         <input_file_ref idref="fl-8"/>
      </object_component>
      <object_component id="oc-25c">
         <name>AdcaRegsFile</name>
         <uninitialized>true</uninitialized>
         <run_address>0x7400</run_address>
         <size>0x76</size>
         <input_file_ref idref="fl-8"/>
      </object_component>
      <object_component id="oc-3e2">
         <name>AdccRegsFile</name>
         <uninitialized>true</uninitialized>
         <run_address>0x7500</run_address>
         <size>0x76</size>
         <input_file_ref idref="fl-8"/>
      </object_component>
      <object_component id="oc-262">
         <name>AdcaResultRegsFile</name>
         <uninitialized>true</uninitialized>
         <run_address>0xb00</run_address>
         <size>0x18</size>
         <input_file_ref idref="fl-8"/>
      </object_component>
      <object_component id="oc-35b">
         <name>AnalogSubsysRegsFile</name>
         <uninitialized>true</uninitialized>
         <run_address>0x5d700</run_address>
         <size>0x11a</size>
         <input_file_ref idref="fl-8"/>
      </object_component>
      <object_component id="oc-3a9">
         <name>ClkCfgRegsFile</name>
         <uninitialized>true</uninitialized>
         <run_address>0x5d200</run_address>
         <size>0x3e</size>
         <input_file_ref idref="fl-8"/>
      </object_component>
      <object_component id="oc-363">
         <name>CpuTimer0RegsFile</name>
         <uninitialized>true</uninitialized>
         <run_address>0xc00</run_address>
         <size>0x8</size>
         <input_file_ref idref="fl-8"/>
      </object_component>
      <object_component id="oc-366">
         <name>CpuTimer1RegsFile</name>
         <uninitialized>true</uninitialized>
         <run_address>0xc08</run_address>
         <size>0x8</size>
         <input_file_ref idref="fl-8"/>
      </object_component>
      <object_component id="oc-2c3">
         <name>CpuTimer2RegsFile</name>
         <uninitialized>true</uninitialized>
         <run_address>0xc10</run_address>
         <size>0x8</size>
         <input_file_ref idref="fl-8"/>
      </object_component>
      <object_component id="oc-3cb">
         <name>CpuSysRegsFile</name>
         <uninitialized>true</uninitialized>
         <run_address>0x5d300</run_address>
         <size>0xb0</size>
         <input_file_ref idref="fl-8"/>
      </object_component>
      <object_component id="oc-434">
         <name>Dcc0RegsFile</name>
         <uninitialized>true</uninitialized>
         <run_address>0x5e700</run_address>
         <size>0x2c</size>
         <input_file_ref idref="fl-8"/>
      </object_component>
      <object_component id="oc-353">
         <name>GpioCtrlRegsFile</name>
         <uninitialized>true</uninitialized>
         <run_address>0x7c00</run_address>
         <size>0x200</size>
         <input_file_ref idref="fl-8"/>
      </object_component>
      <object_component id="oc-356">
         <name>GpioDataRegsFile</name>
         <uninitialized>true</uninitialized>
         <run_address>0x7f00</run_address>
         <size>0x40</size>
         <input_file_ref idref="fl-8"/>
      </object_component>
      <object_component id="oc-265">
         <name>PieCtrlRegsFile</name>
         <uninitialized>true</uninitialized>
         <run_address>0xce0</run_address>
         <size>0x1a</size>
         <input_file_ref idref="fl-8"/>
      </object_component>
      <object_component id="oc-3a5">
         <name>WdRegsFile</name>
         <uninitialized>true</uninitialized>
         <run_address>0x7000</run_address>
         <size>0x2b</size>
         <input_file_ref idref="fl-8"/>
      </object_component>
      <object_component id="oc-271">
         <name>.debug_types</name>
         <load_address>0x0</load_address>
         <run_address>0x0</run_address>
         <size>0x11df7</size>
         <input_file_ref idref="fl-2"/>
      </object_component>
      <object_component id="oc-3e6">
         <name>.debug_types</name>
         <load_address>0x11df7</load_address>
         <run_address>0x11df7</run_address>
         <size>0x2b</size>
         <input_file_ref idref="fl-3"/>
      </object_component>
      <object_component id="oc-32f">
         <name>.debug_types</name>
         <load_address>0x0</load_address>
         <run_address>0x0</run_address>
         <size>0x0</size>
         <input_file_ref idref="fl-5"/>
      </object_component>
      <object_component id="oc-2c8">
         <name>.debug_types</name>
         <load_address>0x0</load_address>
         <run_address>0x0</run_address>
         <size>0x0</size>
         <input_file_ref idref="fl-6"/>
      </object_component>
      <object_component id="oc-332">
         <name>.debug_types</name>
         <load_address>0x11e22</load_address>
         <run_address>0x11e22</run_address>
         <size>0x3108e</size>
         <input_file_ref idref="fl-8"/>
      </object_component>
      <object_component id="oc-35a">
         <name>.debug_types</name>
         <load_address>0x42eb0</load_address>
         <run_address>0x42eb0</run_address>
         <size>0x5a</size>
         <input_file_ref idref="fl-9"/>
      </object_component>
      <object_component id="oc-361">
         <name>.debug_types</name>
         <load_address>0x0</load_address>
         <run_address>0x0</run_address>
         <size>0x0</size>
         <input_file_ref idref="fl-a"/>
      </object_component>
      <object_component id="oc-2cb">
         <name>.debug_types</name>
         <load_address>0x42f0a</load_address>
         <run_address>0x42f0a</run_address>
         <size>0x5a</size>
         <input_file_ref idref="fl-b"/>
      </object_component>
      <object_component id="oc-352">
         <name>.debug_types</name>
         <load_address>0x42f64</load_address>
         <run_address>0x42f64</run_address>
         <size>0x5a</size>
         <input_file_ref idref="fl-c"/>
      </object_component>
      <object_component id="oc-3eb">
         <name>.debug_types</name>
         <load_address>0x0</load_address>
         <run_address>0x0</run_address>
         <size>0x0</size>
         <input_file_ref idref="fl-22"/>
      </object_component>
      <object_component id="oc-454">
         <name>.debug_types</name>
         <load_address>0x42fbe</load_address>
         <run_address>0x42fbe</run_address>
         <size>0x4c6</size>
         <input_file_ref idref="fl-23"/>
      </object_component>
      <object_component id="oc-31f">
         <name>.debug_types</name>
         <load_address>0x43484</load_address>
         <run_address>0x43484</run_address>
         <size>0x1f3</size>
         <input_file_ref idref="fl-24"/>
      </object_component>
      <object_component id="oc-246">
         <name>.debug_types</name>
         <load_address>0x0</load_address>
         <run_address>0x0</run_address>
         <size>0x0</size>
         <input_file_ref idref="fl-25"/>
      </object_component>
      <object_component id="oc-23e">
         <name>.debug_types</name>
         <load_address>0x43677</load_address>
         <run_address>0x43677</run_address>
         <size>0x191</size>
         <input_file_ref idref="fl-26"/>
      </object_component>
      <object_component id="oc-425">
         <name>.debug_types</name>
         <load_address>0x43808</load_address>
         <run_address>0x43808</run_address>
         <size>0xbf</size>
         <input_file_ref idref="fl-27"/>
      </object_component>
      <object_component id="oc-46f">
         <name>.debug_types</name>
         <load_address>0x438c7</load_address>
         <run_address>0x438c7</run_address>
         <size>0x2f</size>
         <input_file_ref idref="fl-28"/>
      </object_component>
      <object_component id="oc-41d">
         <name>.debug_types</name>
         <load_address>0x438f6</load_address>
         <run_address>0x438f6</run_address>
         <size>0xe1</size>
         <input_file_ref idref="fl-29"/>
      </object_component>
      <object_component id="oc-38a">
         <name>.debug_types</name>
         <load_address>0x439d7</load_address>
         <run_address>0x439d7</run_address>
         <size>0x2f</size>
         <input_file_ref idref="fl-2a"/>
      </object_component>
      <object_component id="oc-31a">
         <name>.debug_types</name>
         <load_address>0x43a06</load_address>
         <run_address>0x43a06</run_address>
         <size>0x89</size>
         <input_file_ref idref="fl-2c"/>
      </object_component>
      <object_component id="oc-479">
         <name>.debug_types</name>
         <load_address>0x0</load_address>
         <run_address>0x0</run_address>
         <size>0x0</size>
         <input_file_ref idref="fl-2d"/>
      </object_component>
      <object_component id="oc-260">
         <name>.debug_info</name>
         <load_address>0x0</load_address>
         <run_address>0x0</run_address>
         <size>0x185</size>
         <input_file_ref idref="fl-2"/>
      </object_component>
      <object_component id="oc-26e">
         <name>.debug_info</name>
         <load_address>0x185</load_address>
         <run_address>0x185</run_address>
         <size>0x159</size>
         <input_file_ref idref="fl-2"/>
      </object_component>
      <object_component id="oc-2bb">
         <name>.debug_info</name>
         <load_address>0x2de</load_address>
         <run_address>0x2de</run_address>
         <size>0x151</size>
         <input_file_ref idref="fl-2"/>
      </object_component>
      <object_component id="oc-2be">
         <name>.debug_info</name>
         <load_address>0x42f</load_address>
         <run_address>0x42f</run_address>
         <size>0x155</size>
         <input_file_ref idref="fl-2"/>
      </object_component>
      <object_component id="oc-71">
         <name>.debug_info</name>
         <load_address>0x584</load_address>
         <run_address>0x584</run_address>
         <size>0x264</size>
         <input_file_ref idref="fl-2"/>
      </object_component>
      <object_component id="oc-2a3">
         <name>.debug_info</name>
         <load_address>0x7e8</load_address>
         <run_address>0x7e8</run_address>
         <size>0x196</size>
         <input_file_ref idref="fl-2"/>
      </object_component>
      <object_component id="oc-280">
         <name>.debug_info</name>
         <load_address>0x97e</load_address>
         <run_address>0x97e</run_address>
         <size>0x197</size>
         <input_file_ref idref="fl-2"/>
      </object_component>
      <object_component id="oc-285">
         <name>.debug_info</name>
         <load_address>0xb15</load_address>
         <run_address>0xb15</run_address>
         <size>0x18f</size>
         <input_file_ref idref="fl-2"/>
      </object_component>
      <object_component id="oc-2aa">
         <name>.debug_info</name>
         <load_address>0xca4</load_address>
         <run_address>0xca4</run_address>
         <size>0x18a</size>
         <input_file_ref idref="fl-2"/>
      </object_component>
      <object_component id="oc-2af">
         <name>.debug_info</name>
         <load_address>0xe2e</load_address>
         <run_address>0xe2e</run_address>
         <size>0x183</size>
         <input_file_ref idref="fl-2"/>
      </object_component>
      <object_component id="oc-2b5">
         <name>.debug_info</name>
         <load_address>0xfb1</load_address>
         <run_address>0xfb1</run_address>
         <size>0x18f</size>
         <input_file_ref idref="fl-2"/>
      </object_component>
      <object_component id="oc-6d">
         <name>.debug_info</name>
         <load_address>0x1140</load_address>
         <run_address>0x1140</run_address>
         <size>0x191</size>
         <input_file_ref idref="fl-2"/>
      </object_component>
      <object_component id="oc-36e">
         <name>.debug_info</name>
         <load_address>0x12d1</load_address>
         <run_address>0x12d1</run_address>
         <size>0x1e4</size>
         <input_file_ref idref="fl-3"/>
      </object_component>
      <object_component id="oc-69">
         <name>.debug_info</name>
         <load_address>0x14b5</load_address>
         <run_address>0x14b5</run_address>
         <size>0x14a</size>
         <input_file_ref idref="fl-4"/>
      </object_component>
      <object_component id="oc-254">
         <name>.debug_info</name>
         <load_address>0x15ff</load_address>
         <run_address>0x15ff</run_address>
         <size>0x14b</size>
         <input_file_ref idref="fl-4"/>
      </object_component>
      <object_component id="oc-25a">
         <name>.debug_info</name>
         <load_address>0x174a</load_address>
         <run_address>0x174a</run_address>
         <size>0x186</size>
         <input_file_ref idref="fl-5"/>
      </object_component>
      <object_component id="oc-299">
         <name>.debug_info</name>
         <load_address>0x18d0</load_address>
         <run_address>0x18d0</run_address>
         <size>0x169</size>
         <input_file_ref idref="fl-5"/>
      </object_component>
      <object_component id="oc-29f">
         <name>.debug_info</name>
         <load_address>0x1a39</load_address>
         <run_address>0x1a39</run_address>
         <size>0x1e7</size>
         <input_file_ref idref="fl-5"/>
      </object_component>
      <object_component id="oc-78">
         <name>.debug_info</name>
         <load_address>0x1c20</load_address>
         <run_address>0x1c20</run_address>
         <size>0x15b</size>
         <input_file_ref idref="fl-6"/>
      </object_component>
      <object_component id="oc-81">
         <name>.debug_info</name>
         <load_address>0x1d7b</load_address>
         <run_address>0x1d7b</run_address>
         <size>0x15b</size>
         <input_file_ref idref="fl-6"/>
      </object_component>
      <object_component id="oc-87">
         <name>.debug_info</name>
         <load_address>0x1ed6</load_address>
         <run_address>0x1ed6</run_address>
         <size>0x15d</size>
         <input_file_ref idref="fl-6"/>
      </object_component>
      <object_component id="oc-8d">
         <name>.debug_info</name>
         <load_address>0x2033</load_address>
         <run_address>0x2033</run_address>
         <size>0x157</size>
         <input_file_ref idref="fl-6"/>
      </object_component>
      <object_component id="oc-93">
         <name>.debug_info</name>
         <load_address>0x218a</load_address>
         <run_address>0x218a</run_address>
         <size>0x155</size>
         <input_file_ref idref="fl-6"/>
      </object_component>
      <object_component id="oc-99">
         <name>.debug_info</name>
         <load_address>0x22df</load_address>
         <run_address>0x22df</run_address>
         <size>0x155</size>
         <input_file_ref idref="fl-6"/>
      </object_component>
      <object_component id="oc-9f">
         <name>.debug_info</name>
         <load_address>0x2434</load_address>
         <run_address>0x2434</run_address>
         <size>0x15d</size>
         <input_file_ref idref="fl-6"/>
      </object_component>
      <object_component id="oc-a5">
         <name>.debug_info</name>
         <load_address>0x2591</load_address>
         <run_address>0x2591</run_address>
         <size>0x159</size>
         <input_file_ref idref="fl-6"/>
      </object_component>
      <object_component id="oc-ab">
         <name>.debug_info</name>
         <load_address>0x26ea</load_address>
         <run_address>0x26ea</run_address>
         <size>0x159</size>
         <input_file_ref idref="fl-6"/>
      </object_component>
      <object_component id="oc-b1">
         <name>.debug_info</name>
         <load_address>0x2843</load_address>
         <run_address>0x2843</run_address>
         <size>0x159</size>
         <input_file_ref idref="fl-6"/>
      </object_component>
      <object_component id="oc-b7">
         <name>.debug_info</name>
         <load_address>0x299c</load_address>
         <run_address>0x299c</run_address>
         <size>0x159</size>
         <input_file_ref idref="fl-6"/>
      </object_component>
      <object_component id="oc-bd">
         <name>.debug_info</name>
         <load_address>0x2af5</load_address>
         <run_address>0x2af5</run_address>
         <size>0x159</size>
         <input_file_ref idref="fl-6"/>
      </object_component>
      <object_component id="oc-c3">
         <name>.debug_info</name>
         <load_address>0x2c4e</load_address>
         <run_address>0x2c4e</run_address>
         <size>0x15a</size>
         <input_file_ref idref="fl-6"/>
      </object_component>
      <object_component id="oc-c9">
         <name>.debug_info</name>
         <load_address>0x2da8</load_address>
         <run_address>0x2da8</run_address>
         <size>0x15b</size>
         <input_file_ref idref="fl-6"/>
      </object_component>
      <object_component id="oc-cf">
         <name>.debug_info</name>
         <load_address>0x2f03</load_address>
         <run_address>0x2f03</run_address>
         <size>0x15b</size>
         <input_file_ref idref="fl-6"/>
      </object_component>
      <object_component id="oc-d5">
         <name>.debug_info</name>
         <load_address>0x305e</load_address>
         <run_address>0x305e</run_address>
         <size>0x15b</size>
         <input_file_ref idref="fl-6"/>
      </object_component>
      <object_component id="oc-db">
         <name>.debug_info</name>
         <load_address>0x31b9</load_address>
         <run_address>0x31b9</run_address>
         <size>0x15d</size>
         <input_file_ref idref="fl-6"/>
      </object_component>
      <object_component id="oc-e1">
         <name>.debug_info</name>
         <load_address>0x3316</load_address>
         <run_address>0x3316</run_address>
         <size>0x15d</size>
         <input_file_ref idref="fl-6"/>
      </object_component>
      <object_component id="oc-e7">
         <name>.debug_info</name>
         <load_address>0x3473</load_address>
         <run_address>0x3473</run_address>
         <size>0x15d</size>
         <input_file_ref idref="fl-6"/>
      </object_component>
      <object_component id="oc-ed">
         <name>.debug_info</name>
         <load_address>0x35d0</load_address>
         <run_address>0x35d0</run_address>
         <size>0x15b</size>
         <input_file_ref idref="fl-6"/>
      </object_component>
      <object_component id="oc-f3">
         <name>.debug_info</name>
         <load_address>0x372b</load_address>
         <run_address>0x372b</run_address>
         <size>0x15b</size>
         <input_file_ref idref="fl-6"/>
      </object_component>
      <object_component id="oc-f9">
         <name>.debug_info</name>
         <load_address>0x3886</load_address>
         <run_address>0x3886</run_address>
         <size>0x15b</size>
         <input_file_ref idref="fl-6"/>
      </object_component>
      <object_component id="oc-ff">
         <name>.debug_info</name>
         <load_address>0x39e1</load_address>
         <run_address>0x39e1</run_address>
         <size>0x15b</size>
         <input_file_ref idref="fl-6"/>
      </object_component>
      <object_component id="oc-105">
         <name>.debug_info</name>
         <load_address>0x3b3c</load_address>
         <run_address>0x3b3c</run_address>
         <size>0x15f</size>
         <input_file_ref idref="fl-6"/>
      </object_component>
      <object_component id="oc-10b">
         <name>.debug_info</name>
         <load_address>0x3c9b</load_address>
         <run_address>0x3c9b</run_address>
         <size>0x15d</size>
         <input_file_ref idref="fl-6"/>
      </object_component>
      <object_component id="oc-111">
         <name>.debug_info</name>
         <load_address>0x3df8</load_address>
         <run_address>0x3df8</run_address>
         <size>0x159</size>
         <input_file_ref idref="fl-6"/>
      </object_component>
      <object_component id="oc-117">
         <name>.debug_info</name>
         <load_address>0x3f51</load_address>
         <run_address>0x3f51</run_address>
         <size>0x161</size>
         <input_file_ref idref="fl-6"/>
      </object_component>
      <object_component id="oc-11d">
         <name>.debug_info</name>
         <load_address>0x40b2</load_address>
         <run_address>0x40b2</run_address>
         <size>0x161</size>
         <input_file_ref idref="fl-6"/>
      </object_component>
      <object_component id="oc-123">
         <name>.debug_info</name>
         <load_address>0x4213</load_address>
         <run_address>0x4213</run_address>
         <size>0x161</size>
         <input_file_ref idref="fl-6"/>
      </object_component>
      <object_component id="oc-129">
         <name>.debug_info</name>
         <load_address>0x4374</load_address>
         <run_address>0x4374</run_address>
         <size>0x161</size>
         <input_file_ref idref="fl-6"/>
      </object_component>
      <object_component id="oc-12f">
         <name>.debug_info</name>
         <load_address>0x44d5</load_address>
         <run_address>0x44d5</run_address>
         <size>0x161</size>
         <input_file_ref idref="fl-6"/>
      </object_component>
      <object_component id="oc-135">
         <name>.debug_info</name>
         <load_address>0x4636</load_address>
         <run_address>0x4636</run_address>
         <size>0x161</size>
         <input_file_ref idref="fl-6"/>
      </object_component>
      <object_component id="oc-13b">
         <name>.debug_info</name>
         <load_address>0x4797</load_address>
         <run_address>0x4797</run_address>
         <size>0x161</size>
         <input_file_ref idref="fl-6"/>
      </object_component>
      <object_component id="oc-141">
         <name>.debug_info</name>
         <load_address>0x48f8</load_address>
         <run_address>0x48f8</run_address>
         <size>0x15b</size>
         <input_file_ref idref="fl-6"/>
      </object_component>
      <object_component id="oc-147">
         <name>.debug_info</name>
         <load_address>0x4a53</load_address>
         <run_address>0x4a53</run_address>
         <size>0x15b</size>
         <input_file_ref idref="fl-6"/>
      </object_component>
      <object_component id="oc-14d">
         <name>.debug_info</name>
         <load_address>0x4bae</load_address>
         <run_address>0x4bae</run_address>
         <size>0x15b</size>
         <input_file_ref idref="fl-6"/>
      </object_component>
      <object_component id="oc-153">
         <name>.debug_info</name>
         <load_address>0x4d09</load_address>
         <run_address>0x4d09</run_address>
         <size>0x15b</size>
         <input_file_ref idref="fl-6"/>
      </object_component>
      <object_component id="oc-159">
         <name>.debug_info</name>
         <load_address>0x4e64</load_address>
         <run_address>0x4e64</run_address>
         <size>0x15b</size>
         <input_file_ref idref="fl-6"/>
      </object_component>
      <object_component id="oc-15f">
         <name>.debug_info</name>
         <load_address>0x4fbf</load_address>
         <run_address>0x4fbf</run_address>
         <size>0x15b</size>
         <input_file_ref idref="fl-6"/>
      </object_component>
      <object_component id="oc-165">
         <name>.debug_info</name>
         <load_address>0x511a</load_address>
         <run_address>0x511a</run_address>
         <size>0x15b</size>
         <input_file_ref idref="fl-6"/>
      </object_component>
      <object_component id="oc-16b">
         <name>.debug_info</name>
         <load_address>0x5275</load_address>
         <run_address>0x5275</run_address>
         <size>0x15b</size>
         <input_file_ref idref="fl-6"/>
      </object_component>
      <object_component id="oc-171">
         <name>.debug_info</name>
         <load_address>0x53d0</load_address>
         <run_address>0x53d0</run_address>
         <size>0x15b</size>
         <input_file_ref idref="fl-6"/>
      </object_component>
      <object_component id="oc-177">
         <name>.debug_info</name>
         <load_address>0x552b</load_address>
         <run_address>0x552b</run_address>
         <size>0x15b</size>
         <input_file_ref idref="fl-6"/>
      </object_component>
      <object_component id="oc-17d">
         <name>.debug_info</name>
         <load_address>0x5686</load_address>
         <run_address>0x5686</run_address>
         <size>0x15b</size>
         <input_file_ref idref="fl-6"/>
      </object_component>
      <object_component id="oc-183">
         <name>.debug_info</name>
         <load_address>0x57e1</load_address>
         <run_address>0x57e1</run_address>
         <size>0x15b</size>
         <input_file_ref idref="fl-6"/>
      </object_component>
      <object_component id="oc-189">
         <name>.debug_info</name>
         <load_address>0x593c</load_address>
         <run_address>0x593c</run_address>
         <size>0x15f</size>
         <input_file_ref idref="fl-6"/>
      </object_component>
      <object_component id="oc-18f">
         <name>.debug_info</name>
         <load_address>0x5a9b</load_address>
         <run_address>0x5a9b</run_address>
         <size>0x15f</size>
         <input_file_ref idref="fl-6"/>
      </object_component>
      <object_component id="oc-195">
         <name>.debug_info</name>
         <load_address>0x5bfa</load_address>
         <run_address>0x5bfa</run_address>
         <size>0x159</size>
         <input_file_ref idref="fl-6"/>
      </object_component>
      <object_component id="oc-19b">
         <name>.debug_info</name>
         <load_address>0x5d53</load_address>
         <run_address>0x5d53</run_address>
         <size>0x159</size>
         <input_file_ref idref="fl-6"/>
      </object_component>
      <object_component id="oc-1a1">
         <name>.debug_info</name>
         <load_address>0x5eac</load_address>
         <run_address>0x5eac</run_address>
         <size>0x163</size>
         <input_file_ref idref="fl-6"/>
      </object_component>
      <object_component id="oc-1a7">
         <name>.debug_info</name>
         <load_address>0x600f</load_address>
         <run_address>0x600f</run_address>
         <size>0x159</size>
         <input_file_ref idref="fl-6"/>
      </object_component>
      <object_component id="oc-1ad">
         <name>.debug_info</name>
         <load_address>0x6168</load_address>
         <run_address>0x6168</run_address>
         <size>0x163</size>
         <input_file_ref idref="fl-6"/>
      </object_component>
      <object_component id="oc-1b3">
         <name>.debug_info</name>
         <load_address>0x62cb</load_address>
         <run_address>0x62cb</run_address>
         <size>0x15f</size>
         <input_file_ref idref="fl-6"/>
      </object_component>
      <object_component id="oc-1b9">
         <name>.debug_info</name>
         <load_address>0x642a</load_address>
         <run_address>0x642a</run_address>
         <size>0x15f</size>
         <input_file_ref idref="fl-6"/>
      </object_component>
      <object_component id="oc-1bf">
         <name>.debug_info</name>
         <load_address>0x6589</load_address>
         <run_address>0x6589</run_address>
         <size>0x15f</size>
         <input_file_ref idref="fl-6"/>
      </object_component>
      <object_component id="oc-1c5">
         <name>.debug_info</name>
         <load_address>0x66e8</load_address>
         <run_address>0x66e8</run_address>
         <size>0x15f</size>
         <input_file_ref idref="fl-6"/>
      </object_component>
      <object_component id="oc-1cb">
         <name>.debug_info</name>
         <load_address>0x6847</load_address>
         <run_address>0x6847</run_address>
         <size>0x15f</size>
         <input_file_ref idref="fl-6"/>
      </object_component>
      <object_component id="oc-1d1">
         <name>.debug_info</name>
         <load_address>0x69a6</load_address>
         <run_address>0x69a6</run_address>
         <size>0x15f</size>
         <input_file_ref idref="fl-6"/>
      </object_component>
      <object_component id="oc-1d7">
         <name>.debug_info</name>
         <load_address>0x6b05</load_address>
         <run_address>0x6b05</run_address>
         <size>0x15b</size>
         <input_file_ref idref="fl-6"/>
      </object_component>
      <object_component id="oc-1dd">
         <name>.debug_info</name>
         <load_address>0x6c60</load_address>
         <run_address>0x6c60</run_address>
         <size>0x15b</size>
         <input_file_ref idref="fl-6"/>
      </object_component>
      <object_component id="oc-1e3">
         <name>.debug_info</name>
         <load_address>0x6dbb</load_address>
         <run_address>0x6dbb</run_address>
         <size>0x161</size>
         <input_file_ref idref="fl-6"/>
      </object_component>
      <object_component id="oc-1e9">
         <name>.debug_info</name>
         <load_address>0x6f1c</load_address>
         <run_address>0x6f1c</run_address>
         <size>0x15b</size>
         <input_file_ref idref="fl-6"/>
      </object_component>
      <object_component id="oc-1ef">
         <name>.debug_info</name>
         <load_address>0x7077</load_address>
         <run_address>0x7077</run_address>
         <size>0x15b</size>
         <input_file_ref idref="fl-6"/>
      </object_component>
      <object_component id="oc-1f5">
         <name>.debug_info</name>
         <load_address>0x71d2</load_address>
         <run_address>0x71d2</run_address>
         <size>0x15b</size>
         <input_file_ref idref="fl-6"/>
      </object_component>
      <object_component id="oc-1fb">
         <name>.debug_info</name>
         <load_address>0x732d</load_address>
         <run_address>0x732d</run_address>
         <size>0x161</size>
         <input_file_ref idref="fl-6"/>
      </object_component>
      <object_component id="oc-201">
         <name>.debug_info</name>
         <load_address>0x748e</load_address>
         <run_address>0x748e</run_address>
         <size>0x15b</size>
         <input_file_ref idref="fl-6"/>
      </object_component>
      <object_component id="oc-207">
         <name>.debug_info</name>
         <load_address>0x75e9</load_address>
         <run_address>0x75e9</run_address>
         <size>0x15b</size>
         <input_file_ref idref="fl-6"/>
      </object_component>
      <object_component id="oc-20d">
         <name>.debug_info</name>
         <load_address>0x7744</load_address>
         <run_address>0x7744</run_address>
         <size>0x15b</size>
         <input_file_ref idref="fl-6"/>
      </object_component>
      <object_component id="oc-213">
         <name>.debug_info</name>
         <load_address>0x789f</load_address>
         <run_address>0x789f</run_address>
         <size>0x15b</size>
         <input_file_ref idref="fl-6"/>
      </object_component>
      <object_component id="oc-219">
         <name>.debug_info</name>
         <load_address>0x79fa</load_address>
         <run_address>0x79fa</run_address>
         <size>0x15b</size>
         <input_file_ref idref="fl-6"/>
      </object_component>
      <object_component id="oc-21f">
         <name>.debug_info</name>
         <load_address>0x7b55</load_address>
         <run_address>0x7b55</run_address>
         <size>0x15b</size>
         <input_file_ref idref="fl-6"/>
      </object_component>
      <object_component id="oc-225">
         <name>.debug_info</name>
         <load_address>0x7cb0</load_address>
         <run_address>0x7cb0</run_address>
         <size>0x159</size>
         <input_file_ref idref="fl-6"/>
      </object_component>
      <object_component id="oc-22b">
         <name>.debug_info</name>
         <load_address>0x7e09</load_address>
         <run_address>0x7e09</run_address>
         <size>0x169</size>
         <input_file_ref idref="fl-6"/>
      </object_component>
      <object_component id="oc-231">
         <name>.debug_info</name>
         <load_address>0x7f72</load_address>
         <run_address>0x7f72</run_address>
         <size>0x165</size>
         <input_file_ref idref="fl-6"/>
      </object_component>
      <object_component id="oc-237">
         <name>.debug_info</name>
         <load_address>0x80d7</load_address>
         <run_address>0x80d7</run_address>
         <size>0x15f</size>
         <input_file_ref idref="fl-6"/>
      </object_component>
      <object_component id="oc-364">
         <name>.debug_info</name>
         <load_address>0x8236</load_address>
         <run_address>0x8236</run_address>
         <size>0x14a</size>
         <input_file_ref idref="fl-8"/>
      </object_component>
      <object_component id="oc-367">
         <name>.debug_info</name>
         <load_address>0x8380</load_address>
         <run_address>0x8380</run_address>
         <size>0x14a</size>
         <input_file_ref idref="fl-8"/>
      </object_component>
      <object_component id="oc-2c4">
         <name>.debug_info</name>
         <load_address>0x84ca</load_address>
         <run_address>0x84ca</run_address>
         <size>0x14a</size>
         <input_file_ref idref="fl-8"/>
      </object_component>
      <object_component id="oc-263">
         <name>.debug_info</name>
         <load_address>0x8614</load_address>
         <run_address>0x8614</run_address>
         <size>0x14c</size>
         <input_file_ref idref="fl-8"/>
      </object_component>
      <object_component id="oc-266">
         <name>.debug_info</name>
         <load_address>0x8760</load_address>
         <run_address>0x8760</run_address>
         <size>0x147</size>
         <input_file_ref idref="fl-8"/>
      </object_component>
      <object_component id="oc-3a6">
         <name>.debug_info</name>
         <load_address>0x88a7</load_address>
         <run_address>0x88a7</run_address>
         <size>0x13d</size>
         <input_file_ref idref="fl-8"/>
      </object_component>
      <object_component id="oc-435">
         <name>.debug_info</name>
         <load_address>0x89e4</load_address>
         <run_address>0x89e4</run_address>
         <size>0x140</size>
         <input_file_ref idref="fl-8"/>
      </object_component>
      <object_component id="oc-3aa">
         <name>.debug_info</name>
         <load_address>0x8b24</load_address>
         <run_address>0x8b24</run_address>
         <size>0x144</size>
         <input_file_ref idref="fl-8"/>
      </object_component>
      <object_component id="oc-357">
         <name>.debug_info</name>
         <load_address>0x8c68</load_address>
         <run_address>0x8c68</run_address>
         <size>0x149</size>
         <input_file_ref idref="fl-8"/>
      </object_component>
      <object_component id="oc-25d">
         <name>.debug_info</name>
         <load_address>0x8db1</load_address>
         <run_address>0x8db1</run_address>
         <size>0x140</size>
         <input_file_ref idref="fl-8"/>
      </object_component>
      <object_component id="oc-3e3">
         <name>.debug_info</name>
         <load_address>0x8ef1</load_address>
         <run_address>0x8ef1</run_address>
         <size>0x140</size>
         <input_file_ref idref="fl-8"/>
      </object_component>
      <object_component id="oc-3cc">
         <name>.debug_info</name>
         <load_address>0x9031</load_address>
         <run_address>0x9031</run_address>
         <size>0x144</size>
         <input_file_ref idref="fl-8"/>
      </object_component>
      <object_component id="oc-2c1">
         <name>.debug_info</name>
         <load_address>0x9175</load_address>
         <run_address>0x9175</run_address>
         <size>0x149</size>
         <input_file_ref idref="fl-8"/>
      </object_component>
      <object_component id="oc-35c">
         <name>.debug_info</name>
         <load_address>0x92be</load_address>
         <run_address>0x92be</run_address>
         <size>0x150</size>
         <input_file_ref idref="fl-8"/>
      </object_component>
      <object_component id="oc-354">
         <name>.debug_info</name>
         <load_address>0x940e</load_address>
         <run_address>0x940e</run_address>
         <size>0x149</size>
         <input_file_ref idref="fl-8"/>
      </object_component>
      <object_component id="oc-27a">
         <name>.debug_info</name>
         <load_address>0x9557</load_address>
         <run_address>0x9557</run_address>
         <size>0x184</size>
         <input_file_ref idref="fl-9"/>
      </object_component>
      <object_component id="oc-28d">
         <name>.debug_info</name>
         <load_address>0x96db</load_address>
         <run_address>0x96db</run_address>
         <size>0x161</size>
         <input_file_ref idref="fl-a"/>
      </object_component>
      <object_component id="oc-7e">
         <name>.debug_info</name>
         <load_address>0x983c</load_address>
         <run_address>0x983c</run_address>
         <size>0x146</size>
         <input_file_ref idref="fl-b"/>
      </object_component>
      <object_component id="oc-292">
         <name>.debug_info</name>
         <load_address>0x9982</load_address>
         <run_address>0x9982</run_address>
         <size>0x19d</size>
         <input_file_ref idref="fl-b"/>
      </object_component>
      <object_component id="oc-273">
         <name>.debug_info</name>
         <load_address>0x9b1f</load_address>
         <run_address>0x9b1f</run_address>
         <size>0x1a0</size>
         <input_file_ref idref="fl-c"/>
      </object_component>
      <object_component id="oc-34d">
[...]
      </symbol>
      <symbol id="sm-368">
         <name>TIMER1_ISR</name>
         <value>0x8f82</value>
         <object_component_ref idref="oc-77"/>
      </symbol>
      <symbol id="sm-369">
         <name>USER2_ISR</name>
         <value>0x8fbe</value>
         <object_component_ref idref="oc-aa"/>
      </symbol>
      <symbol id="sm-36a">
         <name>DCC0_ISR</name>
         <value>0x8de8</value>
         <object_component_ref idref="oc-194"/>
      </symbol>
      <symbol id="sm-36b">
         <name>SCIC_RX_ISR</name>
         <value>0x8f46</value>
         <object_component_ref idref="oc-1b2"/>
      </symbol>
      <symbol id="sm-36c">
         <name>SCIC_TX_ISR</name>
         <value>0x8f50</value>
         <object_component_ref idref="oc-1b8"/>
      </symbol>
      <symbol id="sm-36d">
         <name>NMI_ISR</name>
         <value>0x8ef6</value>
         <object_component_ref idref="oc-98"/>
      </symbol>
      <symbol id="sm-36e">
         <name>ADCA2_ISR</name>
         <value>0x8d70</value>
         <object_component_ref idref="oc-1e8"/>
      </symbol>
      <symbol id="sm-36f">
         <name>ADCC2_ISR</name>
         <value>0x8da2</value>
         <object_component_ref idref="oc-200"/>
      </symbol>
      <symbol id="sm-370">
         <name>TIMER2_ISR</name>
         <value>0x8f8c</value>
         <object_component_ref idref="oc-80"/>
      </symbol>
      <symbol id="sm-371">
         <name>XINT5_ISR</name>
         <value>0x9040</value>
         <object_component_ref idref="oc-21e"/>
      </symbol>
      <symbol id="sm-372">
         <name>WAKE_ISR</name>
         <value>0x900e</value>
         <object_component_ref idref="oc-110"/>
      </symbol>
      <symbol id="sm-373">
         <name>EPWM7_TZ_ISR</name>
         <value>0x8e9c</value>
         <object_component_ref idref="oc-13a"/>
      </symbol>
      <symbol id="sm-374">
         <name>RTOS_ISR</name>
         <value>0x8f14</value>
         <object_component_ref idref="oc-8c"/>
      </symbol>
      <symbol id="sm-375">
         <name>EPWM4_ISR</name>
         <value>0x8e56</value>
         <object_component_ref idref="oc-152"/>
      </symbol>
      <symbol id="sm-376">
         <name>ADCA3_ISR</name>
         <value>0x8d7a</value>
         <object_component_ref idref="oc-1ee"/>
      </symbol>
      <symbol id="sm-377">
         <name>EPWM2_TZ_ISR</name>
         <value>0x8e38</value>
         <object_component_ref idref="oc-11c"/>
      </symbol>
      <symbol id="sm-378">
         <name>ADCC3_ISR</name>
         <value>0x8dac</value>
         <object_component_ref idref="oc-206"/>
      </symbol>
      <symbol id="sm-379">
         <name>XINT4_ISR</name>
         <value>0x9036</value>
         <object_component_ref idref="oc-218"/>
      </symbol>
      <symbol id="sm-37a">
         <name>EQEP1_ISR</name>
         <value>0x8ea6</value>
         <object_component_ref idref="oc-17c"/>
      </symbol>
      <symbol id="sm-37b">
         <name>SYS_ERR_ISR</name>
         <value>0x8f6e</value>
         <object_component_ref idref="oc-104"/>
      </symbol>
      <symbol id="sm-37c">
         <name>NOTUSED_ISR</name>
         <value>0x8f00</value>
         <object_component_ref idref="oc-236"/>
      </symbol>
      <symbol id="sm-37d">
         <name>SPIA_RX_ISR</name>
         <value>0x8f5a</value>
         <object_component_ref idref="oc-188"/>
      </symbol>
      <symbol id="sm-37e">
         <name>SPIA_TX_ISR</name>
         <value>0x8f64</value>
         <object_component_ref idref="oc-18e"/>
      </symbol>
      <symbol id="sm-37f">
         <name>EPWM5_ISR</name>
         <value>0x8e6a</value>
         <object_component_ref idref="oc-158"/>
      </symbol>
      <symbol id="sm-380">
         <name>USER5_ISR</name>
         <value>0x8fdc</value>
         <object_component_ref idref="oc-bc"/>
      </symbol>
      <symbol id="sm-381">
         <name>EQEP2_ISR</name>
         <value>0x8eb0</value>
         <object_component_ref idref="oc-182"/>
      </symbol>
      <symbol id="sm-382">
         <name>EPWM4_TZ_ISR</name>
         <value>0x8e60</value>
         <object_component_ref idref="oc-128"/>
      </symbol>
      <symbol id="sm-383">
         <name>EPWM3_TZ_ISR</name>
         <value>0x8e4c</value>
         <object_component_ref idref="oc-122"/>
      </symbol>
      <symbol id="sm-384">
         <name>EPWM6_ISR</name>
         <value>0x8e7e</value>
         <object_component_ref idref="oc-15e"/>
      </symbol>
      <symbol id="sm-385">
         <name>EMU_ISR</name>
         <value>0x8e10</value>
         <object_component_ref idref="oc-92"/>
      </symbol>
      <symbol id="sm-386">
         <name>USER11_ISR</name>
         <value>0x8fa0</value>
         <object_component_ref idref="oc-e0"/>
      </symbol>
      <symbol id="sm-387">
         <name>USER4_ISR</name>
         <value>0x8fd2</value>
         <object_component_ref idref="oc-b6"/>
      </symbol>
      <symbol id="sm-388">
         <name>SCIA_RX_ISR</name>
         <value>0x8f1e</value>
         <object_component_ref idref="oc-1be"/>
      </symbol>
      <symbol id="sm-389">
         <name>SCIA_TX_ISR</name>
         <value>0x8f28</value>
         <object_component_ref idref="oc-1c4"/>
      </symbol>
      <symbol id="sm-38a">
         <name>ECAP1_ISR</name>
         <value>0x8df2</value>
         <object_component_ref idref="oc-16a"/>
      </symbol>
      <symbol id="sm-38b">
         <name>ADCA4_ISR</name>
         <value>0x8d84</value>
         <object_component_ref idref="oc-1f4"/>
      </symbol>
      <symbol id="sm-38c">
         <name>ADCC4_ISR</name>
         <value>0x8db6</value>
         <object_component_ref idref="oc-20c"/>
      </symbol>
      <symbol id="sm-38d">
         <name>EPWM7_ISR</name>
         <value>0x8e92</value>
         <object_component_ref idref="oc-164"/>
      </symbol>
      <symbol id="sm-38e">
         <name>USER10_ISR</name>
         <value>0x8f96</value>
         <object_component_ref idref="oc-da"/>
      </symbol>
      <symbol id="sm-38f">
         <name>XINT1_ISR</name>
         <value>0x9018</value>
         <object_component_ref idref="oc-f8"/>
      </symbol>
      <symbol id="sm-390">
         <name>USER7_ISR</name>
         <value>0x8ff0</value>
         <object_component_ref idref="oc-c8"/>
      </symbol>
      <symbol id="sm-391">
         <name>USER9_ISR</name>
         <value>0x9004</value>
         <object_component_ref idref="oc-d4"/>
      </symbol>
      <symbol id="sm-392">
         <name>ECAP2_ISR</name>
         <value>0x8dfc</value>
         <object_component_ref idref="oc-170"/>
      </symbol>
      <symbol id="sm-393">
         <name>EPWM5_TZ_ISR</name>
         <value>0x8e74</value>
         <object_component_ref idref="oc-12e"/>
      </symbol>
      <symbol id="sm-394">
         <name>FLSS_ISR</name>
         <value>0x8eba</value>
         <object_component_ref idref="oc-224"/>
      </symbol>
      <symbol id="sm-395">
         <name>I2CB_FIFO_ISR</name>
         <value>0x8ed8</value>
         <object_component_ref idref="oc-1ac"/>
      </symbol>
      <symbol id="sm-396">
         <name>USER6_ISR</name>
         <value>0x8fe6</value>
         <object_component_ref idref="oc-c2"/>
      </symbol>
      <symbol id="sm-397">
         <name>USER8_ISR</name>
         <value>0x8ffa</value>
         <object_component_ref idref="oc-ce"/>
      </symbol>
      <symbol id="sm-398">
         <name>ECAP3_ISR</name>
         <value>0x8e06</value>
         <object_component_ref idref="oc-176"/>
      </symbol>
      <symbol id="sm-399">
         <name>EPWM1_ISR</name>
         <value>0x8e1a</value>
         <object_component_ref idref="oc-140"/>
      </symbol>
      <symbol id="sm-39a">
         <name>USER12_ISR</name>
         <value>0x8faa</value>
         <object_component_ref idref="oc-e6"/>
      </symbol>
      <symbol id="sm-39b">
         <name>XINT3_ISR</name>
         <value>0x902c</value>
         <object_component_ref idref="oc-212"/>
      </symbol>
      <symbol id="sm-39c">
         <name>USER1_ISR</name>
         <value>0x8fb4</value>
         <object_component_ref idref="oc-a4"/>
      </symbol>
      <symbol id="sm-39d">
         <name>I2CA_ISR</name>
         <value>0x8ece</value>
         <object_component_ref idref="oc-19a"/>
      </symbol>
      <symbol id="sm-39e">
         <name>CANA0_ISR</name>
         <value>0x8dca</value>
         <object_component_ref idref="oc-1d6"/>
      </symbol>
      <symbol id="sm-39f">
         <name>EPWM1_TZ_ISR</name>
         <value>0x8e24</value>
         <object_component_ref idref="oc-116"/>
      </symbol>
      <symbol id="sm-3a0">
         <name>I2CA_FIFO_ISR</name>
         <value>0x8ec4</value>
         <object_component_ref idref="oc-1a0"/>
      </symbol>
      <symbol id="sm-3a1">
         <name>EPWM2_ISR</name>
         <value>0x8e2e</value>
         <object_component_ref idref="oc-146"/>
      </symbol>
      <symbol id="sm-3a2">
         <name>ADCC_EVT_ISR</name>
         <value>0x8dc0</value>
         <object_component_ref idref="oc-1fa"/>
      </symbol>
      <symbol id="sm-3a3">
         <name>DATALOG_ISR</name>
         <value>0x8dde</value>
         <object_component_ref idref="oc-86"/>
      </symbol>
      <symbol id="sm-3a4">
         <name>XINT2_ISR</name>
         <value>0x9022</value>
         <object_component_ref idref="oc-fe"/>
      </symbol>
      <symbol id="sm-3a5">
         <name>PIE_RESERVED_ISR</name>
         <value>0x8f0a</value>
         <object_component_ref idref="oc-22a"/>
      </symbol>
      <symbol id="sm-3a6">
         <name>SCIB_RX_ISR</name>
         <value>0x8f32</value>
         <object_component_ref idref="oc-1ca"/>
      </symbol>
      <symbol id="sm-3a7">
         <name>SCIB_TX_ISR</name>
         <value>0x8f3c</value>
         <object_component_ref idref="oc-1d0"/>
      </symbol>
      <symbol id="sm-3a8">
         <name>I2CB_ISR</name>
         <value>0x8ee2</value>
         <object_component_ref idref="oc-1a6"/>
      </symbol>
      <symbol id="sm-3a9">
         <name>CANA1_ISR</name>
         <value>0x8dd4</value>
         <object_component_ref idref="oc-1dc"/>
      </symbol>
      <symbol id="sm-3aa">
         <name>ILLEGAL_ISR</name>
         <value>0x8eec</value>
         <object_component_ref idref="oc-9e"/>
      </symbol>
      <symbol id="sm-3ab">
         <name>EPWM3_ISR</name>
         <value>0x8e42</value>
         <object_component_ref idref="oc-14c"/>
      </symbol>
      <symbol id="sm-3ac">
         <name>TIMER0_ISR</name>
         <value>0x8f78</value>
         <object_component_ref idref="oc-10a"/>
      </symbol>
      <symbol id="sm-3ad">
         <name>USER3_ISR</name>
         <value>0x8fc8</value>
         <object_component_ref idref="oc-b0"/>
      </symbol>
      <symbol id="sm-3ff">
         <name>AdccRegs</name>
         <value>0x7500</value>
         <object_component_ref idref="oc-3e2"/>
      </symbol>
      <symbol id="sm-400">
         <name>ClkCfgRegs</name>
         <value>0x5d200</value>
         <object_component_ref idref="oc-3a9"/>
      </symbol>
      <symbol id="sm-401">
         <name>CpuTimer2Regs</name>
         <value>0xc10</value>
         <object_component_ref idref="oc-2c3"/>
      </symbol>
      <symbol id="sm-402">
         <name>PieVectTable</name>
         <value>0xd00</value>
         <object_component_ref idref="oc-2c0"/>
      </symbol>
      <symbol id="sm-403">
         <name>GpioCtrlRegs</name>
         <value>0x7c00</value>
         <object_component_ref idref="oc-353"/>
      </symbol>
      <symbol id="sm-404">
         <name>Dcc0Regs</name>
         <value>0x5e700</value>
         <object_component_ref idref="oc-434"/>
      </symbol>
      <symbol id="sm-405">
         <name>CpuSysRegs</name>
         <value>0x5d300</value>
         <object_component_ref idref="oc-3cb"/>
      </symbol>
      <symbol id="sm-406">
         <name>CpuTimer0Regs</name>
         <value>0xc00</value>
         <object_component_ref idref="oc-363"/>
      </symbol>
      <symbol id="sm-407">
         <name>CpuTimer1Regs</name>
         <value>0xc08</value>
         <object_component_ref idref="oc-366"/>
      </symbol>
      <symbol id="sm-408">
         <name>AdcaResultRegs</name>
         <value>0xb00</value>
         <object_component_ref idref="oc-262"/>
      </symbol>
      <symbol id="sm-409">
         <name>PieCtrlRegs</name>
         <value>0xce0</value>
         <object_component_ref idref="oc-265"/>
      </symbol>
      <symbol id="sm-40a">
         <name>WdRegs</name>
         <value>0x7000</value>
         <object_component_ref idref="oc-3a5"/>
      </symbol>
      <symbol id="sm-40b">
         <name>GpioDataRegs</name>
         <value>0x7f00</value>
         <object_component_ref idref="oc-356"/>
      </symbol>
      <symbol id="sm-40c">
         <name>AnalogSubsysRegs</name>
         <value>0x5d700</value>
         <object_component_ref idref="oc-35b"/>
      </symbol>
      <symbol id="sm-40d">
         <name>AdcaRegs</name>
         <value>0x7400</value>
         <object_component_ref idref="oc-25c"/>
      </symbol>
      <symbol id="sm-41f">
         <name>InitGpio</name>
         <value>0x8aba</value>
         <object_component_ref idref="oc-278"/>
      </symbol>
      <symbol id="sm-42c">
         <name>InitPieCtrl</name>
         <value>0x8c2c</value>
         <object_component_ref idref="oc-28a"/>
      </symbol>
      <symbol id="sm-440">
         <name>InitPieVectTable</name>
         <value>0x8be7</value>
         <object_component_ref idref="oc-290"/>
      </symbol>
      <symbol id="sm-441">
         <name>PieVectTableInit</name>
         <value>0x8000</value>
         <object_component_ref idref="oc-7d"/>
      </symbol>
      <symbol id="sm-4bc">
         <name>ComputeCntrSeedValue</name>
         <value>0x8929</value>
         <object_component_ref idref="oc-43c"/>
      </symbol>
      <symbol id="sm-4bd">
         <name>IsPLLValid</name>
         <value>0x880c</value>
         <object_component_ref idref="oc-3c4"/>
      </symbol>
      <symbol id="sm-4be">
         <name>InitPeripheralClocks</name>
         <value>0x8a36</value>
         <object_component_ref idref="oc-34b"/>
      </symbol>
      <symbol id="sm-4bf">
         <name>SysIntOsc1Sel</name>
         <value>0x904a</value>
         <object_component_ref idref="oc-3ac"/>
      </symbol>
      <symbol id="sm-4c0">
         <name>SysXtalOscSel</name>
         <value>0x8c0c</value>
         <object_component_ref idref="oc-3b8"/>
      </symbol>
      <symbol id="sm-4c1">
         <name>SysXtalOscSESel</name>
         <value>0x8d01</value>
         <object_component_ref idref="oc-3be"/>
      </symbol>
      <symbol id="sm-4c2">
         <name>InitSysCtrl</name>
         <value>0x8d16</value>
         <object_component_ref idref="oc-272"/>
      </symbol>
      <symbol id="sm-4c3">
         <name>DisableDog</name>
         <value>0x8d2a</value>
         <object_component_ref idref="oc-33f"/>
      </symbol>
      <symbol id="sm-4c4">
         <name>InitSysPll</name>
         <value>0x8726</value>
         <object_component_ref idref="oc-345"/>
      </symbol>
      <symbol id="sm-4c5">
         <name>SysIntOsc2Sel</name>
         <value>0x906c</value>
         <object_component_ref idref="oc-3b2"/>
      </symbol>
      <symbol id="sm-4ce">
         <name>F28x_usDelay</name>
         <value>0x128</value>
         <object_component_ref idref="oc-268"/>
      </symbol>
      <symbol id="sm-4d8">
         <name>_c_int00</name>
         <value>0x8cd4</value>
         <object_component_ref idref="oc-327"/>
      </symbol>
      <symbol id="sm-4d9">
         <name>__stack</name>
         <value>0x400</value>
         <object_component_ref idref="oc-23c"/>
      </symbol>
      <symbol id="sm-4e6">
         <name>__c28xabi_divf</name>
         <value>0x88a1</value>
         <object_component_ref idref="oc-437"/>
      </symbol>
      <symbol id="sm-4f4">
         <name>_system_pre_init</name>
         <value>0x9080</value>
         <object_component_ref idref="oc-38b"/>
      </symbol>
      <symbol id="sm-503">
         <name>__TI_auto_init_nobinit_nopinit</name>
         <value>0x8b93</value>
         <object_component_ref idref="oc-3ec"/>
      </symbol>
      <symbol id="sm-510">
         <name>__TI_zero_init</name>
         <value>0x907a</value>
         <object_component_ref idref="oc-24d"/>
      </symbol>
      <symbol id="sm-51d">
         <name>__TI_decompress_none</name>
         <value>0x905c</value>
         <object_component_ref idref="oc-5f"/>
      </symbol>
      <symbol id="sm-531">
         <name>__TI_decompress_lzss</name>
         <value>0x8b65</value>
         <object_component_ref idref="oc-59"/>
      </symbol>
      <symbol id="sm-547">
         <name>C$$EXIT</name>
         <value>0x8bbe</value>
         <object_component_ref idref="oc-398"/>
      </symbol>
      <symbol id="sm-548">
         <name>abort</name>
         <value>0x8bbe</value>
         <object_component_ref idref="oc-398"/>
      </symbol>
      <symbol id="sm-549">
         <name>exit</name>
         <value>0x8bc0</value>
         <object_component_ref idref="oc-398"/>
      </symbol>
      <symbol id="sm-54a">
         <name>__TI_dtors_ptr</name>
         <value>0x8720</value>
         <object_component_ref idref="oc-41e"/>
      </symbol>
      <symbol id="sm-54b">
         <name>__TI_cleanup_ptr</name>
         <value>0x871e</value>
         <object_component_ref idref="oc-41e"/>
      </symbol>
      <symbol id="sm-54c">
         <name>__TI_enable_exit_profile_output</name>
         <value>0x871c</value>
         <object_component_ref idref="oc-41e"/>
      </symbol>
      <symbol id="sm-563">
         <name>_nop</name>
         <value>0x905b</value>
         <object_component_ref idref="oc-467"/>
      </symbol>
      <symbol id="sm-564">
         <name>_lock</name>
         <value>0x8722</value>
         <object_component_ref idref="oc-421"/>
      </symbol>
      <symbol id="sm-565">
         <name>_unlock</name>
         <value>0x8724</value>
         <object_component_ref idref="oc-47f"/>
      </symbol>
      <symbol id="sm-566">
         <name>_register_lock</name>
         <value>0x9057</value>
         <object_component_ref idref="oc-467"/>
      </symbol>
      <symbol id="sm-567">
         <name>_register_unlock</name>
         <value>0x9053</value>
         <object_component_ref idref="oc-467"/>
      </symbol>
      <symbol id="sm-576">
         <name>_args_main</name>
         <value>0x8d44</value>
         <object_component_ref idref="oc-392"/>
      </symbol>
      <symbol id="sm-585">
         <name>memset</name>
         <value>0x9073</value>
         <object_component_ref idref="oc-320"/>
      </symbol>
      <symbol id="sm-598">
         <name>memcpy</name>
         <value>0x8c4b</value>
         <object_component_ref idref="oc-23f"/>
      </symbol>
      <symbol id="sm-5a5">
         <name>_system_post_cinit</name>
         <value>0x871b</value>
         <object_component_ref idref="oc-44d"/>
      </symbol>
      <symbol id="sm-5a7">
         <name>__c_args__</name>
         <value>0x0</value>
      </symbol>
   </symbol_table>
   <title>Link successful</title>
</link_info>
